Component: ARM Compiler 5.06 update 7 (build 960) Tool: armlink [4d3601]

==============================================================================

Section Cross References

    main.o(i.__write) refers to gd32f30x_usart.o(i.usart_data_transmit) for usart_data_transmit
    main.o(i.__write) refers to gd32f30x_usart.o(i.usart_flag_get) for usart_flag_get
    main.o(i.fputc) refers to gd32f30x_usart.o(i.usart_data_transmit) for usart_data_transmit
    main.o(i.fputc) refers to gd32f30x_usart.o(i.usart_flag_get) for usart_flag_get
    main.o(i.gd_gpio_config) refers to gd32f30x_rcu.o(i.rcu_periph_clock_enable) for rcu_periph_clock_enable
    main.o(i.gd_gpio_config) refers to gd32f30x_gpio.o(i.gpio_init) for gpio_init
    main.o(i.gd_uart2_config) refers to gd32f30x_rcu.o(i.rcu_periph_clock_enable) for rcu_periph_clock_enable
    main.o(i.gd_uart2_config) refers to gd32f30x_usart.o(i.usart_deinit) for usart_deinit
    main.o(i.gd_uart2_config) refers to gd32f30x_usart.o(i.usart_baudrate_set) for usart_baudrate_set
    main.o(i.gd_uart2_config) refers to gd32f30x_usart.o(i.usart_receive_config) for usart_receive_config
    main.o(i.gd_uart2_config) refers to gd32f30x_usart.o(i.usart_transmit_config) for usart_transmit_config
    main.o(i.gd_uart2_config) refers to gd32f30x_usart.o(i.usart_enable) for usart_enable
    main.o(i.main) refers to gd32f30x_dbg.o(i.dbg_periph_enable) for dbg_periph_enable
    main.o(i.main) refers to systick.o(i.systick_config) for systick_config
    main.o(i.main) refers to main.o(i.gd_gpio_config) for gd_gpio_config
    main.o(i.main) refers to main.o(i.gd_uart2_config) for gd_uart2_config
    main.o(i.main) refers to main.o(i.print_reset_reason) for print_reset_reason
    main.o(i.main) refers to printf1.o(i.__0printf$1) for __2printf
    main.o(i.main) refers to loop.o(i.loop) for loop
    main.o(i.print_reset_reason) refers to gd32f30x_rcu.o(i.rcu_flag_get) for rcu_flag_get
    main.o(i.print_reset_reason) refers to printf1.o(i.__0printf$1) for __2printf
    main.o(i.print_reset_reason) refers to gd32f30x_rcu.o(i.rcu_all_reset_flag_clear) for rcu_all_reset_flag_clear
    system_gd32f30x.o(i.SystemCoreClockUpdate) refers to system_gd32f30x.o(.data) for SystemCoreClock
    system_gd32f30x.o(i.SystemInit) refers to system_gd32f30x.o(i._soft_delay_) for _soft_delay_
    system_gd32f30x.o(i.SystemInit) refers to system_gd32f30x.o(i.system_clock_config) for system_clock_config
    system_gd32f30x.o(i.system_clock_config) refers to system_gd32f30x.o(i.system_clock_120m_hxtal) for system_clock_120m_hxtal
    systick.o(i.delay_1ms) refers to systick.o(.data) for delay
    systick.o(i.delay_decrement) refers to systick.o(.data) for delay
    systick.o(i.systick_config) refers to systick.o(i.NVIC_SetPriority) for NVIC_SetPriority
    systick.o(i.systick_config) refers to system_gd32f30x.o(.data) for SystemCoreClock
    gd32f30x_it.o(i.ADC0_1_IRQHandler) refers to gd32f30x_adc.o(i.adc_interrupt_flag_clear) for adc_interrupt_flag_clear
    gd32f30x_it.o(i.ADC0_1_IRQHandler) refers to motor_ctrl.o(i.motor_ctrl) for motor_ctrl
    gd32f30x_it.o(i.SysTick_Handler) refers to systick.o(i.delay_decrement) for delay_decrement
    gd32f30x_it.o(i.SysTick_Handler) refers to motor_protect.o(i.motor_protect_check) for motor_protect_check
    loop.o(i.loop) refers to drv_motor.o(i.motor_init) for motor_init
    loop.o(i.loop) refers to motor_protect.o(i.motor_protect_peripheral_init) for motor_protect_peripheral_init
    loop.o(i.loop) refers to motor_protect.o(i.motor_protect_var_init) for motor_protect_var_init
    loop.o(i.loop) refers to gd32f30x_gpio.o(i.gpio_bit_set) for gpio_bit_set
    loop.o(i.loop) refers to systick.o(i.delay_1ms) for delay_1ms
    loop.o(i.loop) refers to drv_motor.o(i.motor_start) for motor_start
    loop.o(i.loop) refers to drv_motor.o(i.motor_joint_zero_set) for motor_joint_zero_set
    loop.o(i.loop) refers to gd32f30x_gpio.o(i.gpio_input_bit_get) for gpio_input_bit_get
    loop.o(i.loop) refers to printf1.o(i.__0printf$1) for __2printf
    loop.o(i.loop) refers to drv_motor.o(i.motor_stop) for motor_stop
    loop.o(i.loop) refers to motor_ctrl.o(.data) for motor
    loop.o(i.loop) refers to loop.o(.constdata) for position_sequence
    loop.o(i.loop) refers to loop.o(.data) for position_index
    drv_motor.o(i.current_calibrate) refers to gd32f30x_gpio.o(i.gpio_bit_reset) for gpio_bit_reset
    drv_motor.o(i.current_calibrate) refers to gd32f30x_gpio.o(i.gpio_init) for gpio_init
    drv_motor.o(i.current_calibrate) refers to gd32f30x_adc.o(i.adc_regular_channel_config) for adc_regular_channel_config
    drv_motor.o(i.current_calibrate) refers to gd32f30x_adc.o(i.adc_software_trigger_enable) for adc_software_trigger_enable
    drv_motor.o(i.current_calibrate) refers to gd32f30x_adc.o(i.adc_flag_get) for adc_flag_get
    drv_motor.o(i.current_calibrate) refers to gd32f30x_adc.o(i.adc_regular_data_read) for adc_regular_data_read
[...]
    Removing gd32f30x_timer.o(i.timer_auto_reload_shadow_disable), (10 bytes).
    Removing gd32f30x_timer.o(i.timer_automatic_output_disable), (10 bytes).
    Removing gd32f30x_timer.o(i.timer_automatic_output_enable), (10 bytes).
    Removing gd32f30x_timer.o(i.timer_autoreload_value_config), (4 bytes).
    Removing gd32f30x_timer.o(i.timer_break_config), (30 bytes).
    Removing gd32f30x_timer.o(i.timer_break_disable), (10 bytes).
    Removing gd32f30x_timer.o(i.timer_break_enable), (10 bytes).
    Removing gd32f30x_timer.o(i.timer_break_struct_para_init), (18 bytes).
    Removing gd32f30x_timer.o(i.timer_channel_capture_value_register_read), (42 bytes).
    Removing gd32f30x_timer.o(i.timer_channel_complementary_output_polarity_config), (70 bytes).
    Removing gd32f30x_timer.o(i.timer_channel_control_shadow_config), (24 bytes).
    Removing gd32f30x_timer.o(i.timer_channel_control_shadow_update_config), (26 bytes).
    Removing gd32f30x_timer.o(i.timer_channel_dma_request_source_select), (26 bytes).
    Removing gd32f30x_timer.o(i.timer_channel_input_capture_prescaler_config), (90 bytes).
    Removing gd32f30x_timer.o(i.timer_channel_input_struct_para_init), (16 bytes).
    Removing gd32f30x_timer.o(i.timer_channel_output_clear_config), (90 bytes).
    Removing gd32f30x_timer.o(i.timer_channel_output_fast_config), (90 bytes).
    Removing gd32f30x_timer.o(i.timer_channel_output_polarity_config), (92 bytes).
    Removing gd32f30x_timer.o(i.timer_counter_alignment), (16 bytes).
    Removing gd32f30x_timer.o(i.timer_counter_down_direction), (10 bytes).
    Removing gd32f30x_timer.o(i.timer_counter_read), (8 bytes).
    Removing gd32f30x_timer.o(i.timer_counter_up_direction), (10 bytes).
    Removing gd32f30x_timer.o(i.timer_counter_value_config), (4 bytes).
    Removing gd32f30x_timer.o(i.timer_dma_disable), (8 bytes).
    Removing gd32f30x_timer.o(i.timer_dma_enable), (8 bytes).
    Removing gd32f30x_timer.o(i.timer_dma_transfer_config), (24 bytes).
    Removing gd32f30x_timer.o(i.timer_external_clock_mode0_config), (40 bytes).
    Removing gd32f30x_timer.o(i.timer_external_clock_mode1_config), (32 bytes).
    Removing gd32f30x_timer.o(i.timer_external_clock_mode1_disable), (10 bytes).
    Removing gd32f30x_timer.o(i.timer_external_trigger_as_external_clock_config), (166 bytes).
    Removing gd32f30x_timer.o(i.timer_external_trigger_config), (30 bytes).
    Removing gd32f30x_timer.o(i.timer_flag_clear), (6 bytes).
    Removing gd32f30x_timer.o(i.timer_flag_get), (16 bytes).
    Removing gd32f30x_timer.o(i.timer_hall_mode_config), (26 bytes).
    Removing gd32f30x_timer.o(i.timer_input_capture_config), (326 bytes).
    Removing gd32f30x_timer.o(i.timer_input_pwm_capture_config), (356 bytes).
    Removing gd32f30x_timer.o(i.timer_input_trigger_source_select), (16 bytes).
    Removing gd32f30x_timer.o(i.timer_internal_clock_config), (10 bytes).
    Removing gd32f30x_timer.o(i.timer_internal_trigger_as_external_clock_config), (32 bytes).
    Removing gd32f30x_timer.o(i.timer_interrupt_disable), (8 bytes).
    Removing gd32f30x_timer.o(i.timer_interrupt_enable), (8 bytes).
    Removing gd32f30x_timer.o(i.timer_interrupt_flag_clear), (6 bytes).
    Removing gd32f30x_timer.o(i.timer_interrupt_flag_get), (24 bytes).
    Removing gd32f30x_timer.o(i.timer_output_value_selection_config), (34 bytes).
    Removing gd32f30x_timer.o(i.timer_prescaler_config), (14 bytes).
    Removing gd32f30x_timer.o(i.timer_prescaler_read), (10 bytes).
    Removing gd32f30x_timer.o(i.timer_quadrature_decoder_mode_config), (64 bytes).
    Removing gd32f30x_timer.o(i.timer_repetition_value_config), (4 bytes).
    Removing gd32f30x_timer.o(i.timer_single_pulse_mode_config), (26 bytes).
    Removing gd32f30x_timer.o(i.timer_slave_mode_select), (16 bytes).
    Removing gd32f30x_timer.o(i.timer_update_source_config), (26 bytes).
    Removing gd32f30x_timer.o(i.timer_write_chxval_register_config), (34 bytes).
    Removing gd32f30x_usart.o(.rev16_text), (4 bytes).
    Removing gd32f30x_usart.o(.revsh_text), (4 bytes).
    Removing gd32f30x_usart.o(i.usart_address_config), (20 bytes).
    Removing gd32f30x_usart.o(i.usart_block_length_config), (28 bytes).
    Removing gd32f30x_usart.o(i.usart_data_first_config), (20 bytes).
    Removing gd32f30x_usart.o(i.usart_data_receive), (10 bytes).
    Removing gd32f30x_usart.o(i.usart_disable), (10 bytes).
    Removing gd32f30x_usart.o(i.usart_dma_receive_config), (20 bytes).
    Removing gd32f30x_usart.o(i.usart_dma_transmit_config), (20 bytes).
    Removing gd32f30x_usart.o(i.usart_flag_clear), (18 bytes).
    Removing gd32f30x_usart.o(i.usart_guard_time_config), (24 bytes).
    Removing gd32f30x_usart.o(i.usart_halfduplex_disable), (10 bytes).
    Removing gd32f30x_usart.o(i.usart_halfduplex_enable), (10 bytes).
    Removing gd32f30x_usart.o(i.usart_hardware_flow_cts_config), (20 bytes).
    Removing gd32f30x_usart.o(i.usart_hardware_flow_rts_config), (20 bytes).
    Removing gd32f30x_usart.o(i.usart_interrupt_disable), (26 bytes).
    Removing gd32f30x_usart.o(i.usart_interrupt_enable), (26 bytes).
    Removing gd32f30x_usart.o(i.usart_interrupt_flag_clear), (18 bytes).
    Removing gd32f30x_usart.o(i.usart_interrupt_flag_get), (56 bytes).
    Removing gd32f30x_usart.o(i.usart_invert_config), (104 bytes).
    Removing gd32f30x_usart.o(i.usart_irda_lowpower_config), (20 bytes).
    Removing gd32f30x_usart.o(i.usart_irda_mode_disable), (10 bytes).
    Removing gd32f30x_usart.o(i.usart_irda_mode_enable), (10 bytes).
    Removing gd32f30x_usart.o(i.usart_lin_break_detection_length_config), (20 bytes).
    Removing gd32f30x_usart.o(i.usart_lin_mode_disable), (10 bytes).
    Removing gd32f30x_usart.o(i.usart_lin_mode_enable), (10 bytes).
    Removing gd32f30x_usart.o(i.usart_mute_mode_disable), (10 bytes).
    Removing gd32f30x_usart.o(i.usart_mute_mode_enable), (10 bytes).
    Removing gd32f30x_usart.o(i.usart_mute_mode_wakeup_config), (16 bytes).
    Removing gd32f30x_usart.o(i.usart_parity_config), (16 bytes).
    Removing gd32f30x_usart.o(i.usart_prescaler_config), (16 bytes).
    Removing gd32f30x_usart.o(i.usart_receiver_timeout_disable), (14 bytes).
    Removing gd32f30x_usart.o(i.usart_receiver_timeout_enable), (14 bytes).
    Removing gd32f30x_usart.o(i.usart_receiver_timeout_threshold_config), (20 bytes).
    Removing gd32f30x_usart.o(i.usart_send_break), (10 bytes).
    Removing gd32f30x_usart.o(i.usart_smartcard_autoretry_config), (26 bytes).
    Removing gd32f30x_usart.o(i.usart_smartcard_mode_disable), (10 bytes).
    Removing gd32f30x_usart.o(i.usart_smartcard_mode_enable), (10 bytes).
    Removing gd32f30x_usart.o(i.usart_smartcard_mode_nack_disable), (10 bytes).
    Removing gd32f30x_usart.o(i.usart_smartcard_mode_nack_enable), (10 bytes).
    Removing gd32f30x_usart.o(i.usart_stop_bit_set), (16 bytes).
    Removing gd32f30x_usart.o(i.usart_synchronous_clock_config), (34 bytes).
    Removing gd32f30x_usart.o(i.usart_synchronous_clock_disable), (10 bytes).
    Removing gd32f30x_usart.o(i.usart_synchronous_clock_enable), (10 bytes).
    Removing gd32f30x_usart.o(i.usart_word_length_set), (16 bytes).
    Removing gd32f30x_wwdgt.o(.rev16_text), (4 bytes).
    Removing gd32f30x_wwdgt.o(.revsh_text), (4 bytes).
    Removing gd32f30x_wwdgt.o(i.wwdgt_config), (28 bytes).
    Removing gd32f30x_wwdgt.o(i.wwdgt_counter_update), (16 bytes).
    Removing gd32f30x_wwdgt.o(i.wwdgt_deinit), (20 bytes).
    Removing gd32f30x_wwdgt.o(i.wwdgt_enable), (20 bytes).
    Removing gd32f30x_wwdgt.o(i.wwdgt_flag_clear), (12 bytes).
    Removing gd32f30x_wwdgt.o(i.wwdgt_flag_get), (24 bytes).
    Removing gd32f30x_wwdgt.o(i.wwdgt_interrupt_enable), (20 bytes).
    Removing startup_gd32f30x_hd.o(HEAP), (1024 bytes).
    Removing dadd.o(.text), (334 bytes).
    Removing dmul.o(.text), (228 bytes).
    Removing ddiv.o(.text), (222 bytes).
    Removing dfixul.o(.text), (48 bytes).
    Removing cdrcmple.o(.text), (48 bytes).
    Removing depilogue.o(.text), (186 bytes).

613 unused section(s) (total 26490 bytes) removed from the image.

==============================================================================

Image Symbol Table

    Local Symbols

    Symbol Name                              Value     Ov Type        Size  Object(Section)

    ../clib/../cmprslib/zerorunl2.c          0x00000000   Number         0  __dczerorl2.o ABSOLUTE
    ../clib/microlib/division.c              0x00000000   Number         0  uldiv.o ABSOLUTE
    ../clib/microlib/division.c              0x00000000   Number         0  uidiv.o ABSOLUTE
    ../clib/microlib/init/entry.s            0x00000000   Number         0  entry9b.o ABSOLUTE
    ../clib/microlib/init/entry.s            0x00000000   Number         0  entry7a.o ABSOLUTE
    ../clib/microlib/init/entry.s            0x00000000   Number         0  entry11b.o ABSOLUTE
    ../clib/microlib/init/entry.s            0x00000000   Number         0  entry2.o ABSOLUTE
    ../clib/microlib/init/entry.s            0x00000000   Number         0  entry11a.o ABSOLUTE
    ../clib/microlib/init/entry.s            0x00000000   Number         0  entry5.o ABSOLUTE
    ../clib/microlib/init/entry.s            0x00000000   Number         0  entry8b.o ABSOLUTE
    ../clib/microlib/init/entry.s            0x00000000   Number         0  entry7b.o ABSOLUTE
    ../clib/microlib/init/entry.s            0x00000000   Number         0  entry8a.o ABSOLUTE
    ../clib/microlib/init/entry.s            0x00000000   Number         0  entry.o ABSOLUTE
    ../clib/microlib/init/entry.s            0x00000000   Number         0  entry9a.o ABSOLUTE
    ../clib/microlib/init/entry.s            0x00000000   Number         0  entry10a.o ABSOLUTE
    ../clib/microlib/init/entry.s            0x00000000   Number         0  entry10b.o ABSOLUTE
    ../clib/microlib/init/entry.s            0x00000000   Number         0  entry12b.o ABSOLUTE
    ../clib/microlib/init/entry.s            0x00000000   Number         0  entry12a.o ABSOLUTE
    ../clib/microlib/longlong.c              0x00000000   Number         0  llshl.o ABSOLUTE
    ../clib/microlib/longlong.c              0x00000000   Number         0  llushr.o ABSOLUTE
    ../clib/microlib/longlong.c              0x00000000   Number         0  llsshr.o ABSOLUTE
    ../clib/microlib/printf/printf.c         0x00000000   Number         0  printf0.o ABSOLUTE
    ../clib/microlib/printf/printf.c         0x00000000   Number         0  printfb.o ABSOLUTE
    ../clib/microlib/printf/printf.c         0x00000000   Number         0  printf2.o ABSOLUTE
    ../clib/microlib/printf/printf.c         0x00000000   Number         0  printfa.o ABSOLUTE
    ../clib/microlib/printf/printf.c         0x00000000   Number         0  printf8.o ABSOLUTE
    ../clib/microlib/printf/printf.c         0x00000000   Number         0  printf7.o ABSOLUTE
    ../clib/microlib/printf/printf.c         0x00000000   Number         0  printf5.o ABSOLUTE
    ../clib/microlib/printf/printf.c         0x00000000   Number         0  printf4.o ABSOLUTE
    ../clib/microlib/printf/printf.c         0x00000000   Number         0  printf3.o ABSOLUTE
    ../clib/microlib/printf/printf.c         0x00000000   Number         0  printf6.o ABSOLUTE
    ../clib/microlib/printf/printf.c         0x00000000   Number         0  printf1.o ABSOLUTE
    ../clib/microlib/printf/stubs.s          0x00000000   Number         0  stubs.o ABSOLUTE
    ../clib/microlib/stdio/streams.c         0x00000000   Number         0  stdout.o ABSOLUTE
    ../clib/microlib/stubs.s                 0x00000000   Number         0  iusefp.o ABSOLUTE
    ../fplib/microlib/fpadd.c                0x00000000   Number         0  dadd.o ABSOLUTE
    ../fplib/microlib/fpdiv.c                0x00000000   Number         0  ddiv.o ABSOLUTE
    ../fplib/microlib/fpepilogue.c           0x00000000   Number         0  depilogue.o ABSOLUTE
    ../fplib/microlib/fpfix.c                0x00000000   Number         0  dfixul.o ABSOLUTE
    ../fplib/microlib/fpmul.c                0x00000000   Number         0  dmul.o ABSOLUTE
    ..\..\Core\Src\gd32f30x_it.c             0x00000000   Number         0  gd32f30x_it.o ABSOLUTE
    ..\..\Core\Src\loop.c                    0x00000000   Number         0  loop.o ABSOLUTE
    ..\..\Core\Src\main.c                    0x00000000   Number         0  main.o ABSOLUTE
    ..\..\Core\Src\system_gd32f30x.c         0x00000000   Number         0  system_gd32f30x.o ABSOLUTE
    ..\..\Core\Src\systick.c                 0x00000000   Number         0  systick.o ABSOLUTE
    ..\..\Drivers\GD32F30x_standard_peripheral\Source\gd32f30x_adc.c 0x00000000   Number         0  gd32f30x_adc.o ABSOLUTE
    ..\..\Drivers\GD32F30x_standard_peripheral\Source\gd32f30x_bkp.c 0x00000000   Number         0  gd32f30x_bkp.o ABSOLUTE
    ..\..\Drivers\GD32F30x_standard_peripheral\Source\gd32f30x_can.c 0x00000000   Number         0  gd32f30x_can.o ABSOLUTE
    ..\..\Drivers\GD32F30x_standard_peripheral\Source\gd32f30x_crc.c 0x00000000   Number         0  gd32f30x_crc.o ABSOLUTE
    ..\..\Drivers\GD32F30x_standard_peripheral\Source\gd32f30x_ctc.c 0x00000000   Number         0  gd32f30x_ctc.o ABSOLUTE
    ..\..\Drivers\GD32F30x_standard_peripheral\Source\gd32f30x_dac.c 0x00000000   Number         0  gd32f30x_dac.o ABSOLUTE
    ..\..\Drivers\GD32F30x_standard_peripheral\Source\gd32f30x_dbg.c 0x00000000   Number         0  gd32f30x_dbg.o ABSOLUTE
    ..\..\Drivers\GD32F30x_standard_peripheral\Source\gd32f30x_dma.c 0x00000000   Number         0  gd32f30x_dma.o ABSOLUTE
    ..\..\Drivers\GD32F30x_standard_peripheral\Source\gd32f30x_enet.c 0x00000000   Number         0  gd32f30x_enet.o ABSOLUTE
    ..\..\Drivers\GD32F30x_standard_peripheral\Source\gd32f30x_exmc.c 0x00000000   Number         0  gd32f30x_exmc.o ABSOLUTE
    ..\..\Drivers\GD32F30x_standard_peripheral\Source\gd32f30x_exti.c 0x00000000   Number         0  gd32f30x_exti.o ABSOLUTE
    ..\..\Drivers\GD32F30x_standard_peripheral\Source\gd32f30x_fmc.c 0x00000000   Number         0  gd32f30x_fmc.o ABSOLUTE
    ..\..\Drivers\GD32F30x_standard_peripheral\Source\gd32f30x_fwdgt.c 0x00000000   Number         0  gd32f30x_fwdgt.o ABSOLUTE
    ..\..\Drivers\GD32F30x_standard_peripheral\Source\gd32f30x_gpio.c 0x00000000   Number         0  gd32f30x_gpio.o ABSOLUTE
    ..\..\Drivers\GD32F30x_standard_peripheral\Source\gd32f30x_i2c.c 0x00000000   Number         0  gd32f30x_i2c.o ABSOLUTE
    ..\..\Drivers\GD32F30x_standard_peripheral\Source\gd32f30x_misc.c 0x00000000   Number         0  gd32f30x_misc.o ABSOLUTE
    ..\..\Drivers\GD32F30x_standard_peripheral\Source\gd32f30x_pmu.c 0x00000000   Number         0  gd32f30x_pmu.o ABSOLUTE
    ..\..\Drivers\GD32F30x_standard_peripheral\Source\gd32f30x_rcu.c 0x00000000   Number         0  gd32f30x_rcu.o ABSOLUTE
    ..\..\Drivers\GD32F30x_standard_peripheral\Source\gd32f30x_rtc.c 0x00000000   Number         0  gd32f30x_rtc.o ABSOLUTE
    ..\..\Drivers\GD32F30x_standard_peripheral\Source\gd32f30x_sdio.c 0x00000000   Number         0  gd32f30x_sdio.o ABSOLUTE
    ..\..\Drivers\GD32F30x_standard_peripheral\Source\gd32f30x_spi.c 0x00000000   Number         0  gd32f30x_spi.o ABSOLUTE
    ..\..\Drivers\GD32F30x_standard_peripheral\Source\gd32f30x_timer.c 0x00000000   Number         0  gd32f30x_timer.o ABSOLUTE
    ..\..\Drivers\GD32F30x_standard_peripheral\Source\gd32f30x_usart.c 0x00000000   Number         0  gd32f30x_usart.o ABSOLUTE
    ..\..\Drivers\GD32F30x_standard_peripheral\Source\gd32f30x_wwdgt.c 0x00000000   Number         0  gd32f30x_wwdgt.o ABSOLUTE
    ..\..\Motor\Src\drv_motor.c              0x00000000   Number         0  drv_motor.o ABSOLUTE
    ..\..\Motor\Src\foc_math.c               0x00000000   Number         0  foc_math.o ABSOLUTE
    ..\..\Motor\Src\motor_ctrl.c             0x00000000   Number         0  motor_ctrl.o ABSOLUTE
    ..\..\Motor\Src\motor_protect.c          0x00000000   Number         0  motor_protect.o ABSOLUTE
    ..\\..\\Core\\Src\\gd32f30x_it.c         0x00000000   Number         0  gd32f30x_it.o ABSOLUTE
    ..\\..\\Core\\Src\\loop.c                0x00000000   Number         0  loop.o ABSOLUTE
    ..\\..\\Core\\Src\\main.c                0x00000000   Number         0  main.o ABSOLUTE
    ..\\..\\Core\\Src\\system_gd32f30x.c     0x00000000   Number         0  system_gd32f30x.o ABSOLUTE
    ..\\..\\Core\\Src\\systick.c             0x00000000   Number         0  systick.o ABSOLUTE
    ..\\..\\Drivers\\GD32F30x_standard_peripheral\\Source\\gd32f30x_adc.c 0x00000000   Number         0  gd32f30x_adc.o ABSOLUTE
    ..\\..\\Drivers\\GD32F30x_standard_peripheral\\Source\\gd32f30x_bkp.c 0x00000000   Number         0  gd32f30x_bkp.o ABSOLUTE
    ..\\..\\Drivers\\GD32F30x_standard_peripheral\\Source\\gd32f30x_can.c 0x00000000   Number         0  gd32f30x_can.o ABSOLUTE
    ..\\..\\Drivers\\GD32F30x_standard_peripheral\\Source\\gd32f30x_crc.c 0x00000000   Number         0  gd32f30x_crc.o ABSOLUTE
    ..\\..\\Drivers\\GD32F30x_standard_peripheral\\Source\\gd32f30x_ctc.c 0x00000000   Number         0  gd32f30x_ctc.o ABSOLUTE
    ..\\..\\Drivers\\GD32F30x_standard_peripheral\\Source\\gd32f30x_dac.c 0x00000000   Number         0  gd32f30x_dac.o ABSOLUTE
    ..\\..\\Drivers\\GD32F30x_standard_peripheral\\Source\\gd32f30x_dbg.c 0x00000000   Number         0  gd32f30x_dbg.o ABSOLUTE
    ..\\..\\Drivers\\GD32F30x_standard_peripheral\\Source\\gd32f30x_dma.c 0x00000000   Number         0  gd32f30x_dma.o ABSOLUTE
    ..\\..\\Drivers\\GD32F30x_standard_peripheral\\Source\\gd32f30x_enet.c 0x00000000   Number         0  gd32f30x_enet.o ABSOLUTE
    ..\\..\\Drivers\\GD32F30x_standard_peripheral\\Source\\gd32f30x_exmc.c 0x00000000   Number         0  gd32f30x_exmc.o ABSOLUTE
    ..\\..\\Drivers\\GD32F30x_standard_peripheral\\Source\\gd32f30x_exti.c 0x00000000   Number         0  gd32f30x_exti.o ABSOLUTE
    ..\\..\\Drivers\\GD32F30x_standard_peripheral\\Source\\gd32f30x_fmc.c 0x00000000   Number         0  gd32f30x_fmc.o ABSOLUTE
    ..\\..\\Drivers\\GD32F30x_standard_peripheral\\Source\\gd32f30x_fwdgt.c 0x00000000   Number         0  gd32f30x_fwdgt.o ABSOLUTE
    ..\\..\\Drivers\\GD32F30x_standard_peripheral\\Source\\gd32f30x_gpio.c 0x00000000   Number         0  gd32f30x_gpio.o ABSOLUTE
    ..\\..\\Drivers\\GD32F30x_standard_peripheral\\Source\\gd32f30x_i2c.c 0x00000000   Number         0  gd32f30x_i2c.o ABSOLUTE
    ..\\..\\Drivers\\GD32F30x_standard_peripheral\\Source\\gd32f30x_misc.c 0x00000000   Number         0  gd32f30x_misc.o ABSOLUTE
    ..\\..\\Drivers\\GD32F30x_standard_peripheral\\Source\\gd32f30x_pmu.c 0x00000000   Number         0  gd32f30x_pmu.o ABSOLUTE
    ..\\..\\Drivers\\GD32F30x_standard_peripheral\\Source\\gd32f30x_rcu.c 0x00000000   Number         0  gd32f30x_rcu.o ABSOLUTE
    ..\\..\\Drivers\\GD32F30x_standard_peripheral\\Source\\gd32f30x_rtc.c 0x00000000   Number         0  gd32f30x_rtc.o ABSOLUTE
    ..\\..\\Drivers\\GD32F30x_standard_peripheral\\Source\\gd32f30x_sdio.c 0x00000000   Number         0  gd32f30x_sdio.o ABSOLUTE
    ..\\..\\Drivers\\GD32F30x_standard_peripheral\\Source\\gd32f30x_spi.c 0x00000000   Number         0  gd32f30x_spi.o ABSOLUTE
    ..\\..\\Drivers\\GD32F30x_standard_peripheral\\Source\\gd32f30x_timer.c 0x00000000   Number         0  gd32f30x_timer.o ABSOLUTE
    ..\\..\\Drivers\\GD32F30x_standard_peripheral\\Source\\gd32f30x_usart.c 0x00000000   Number         0  gd32f30x_usart.o ABSOLUTE
    ..\\..\\Drivers\\GD32F30x_standard_peripheral\\Source\\gd32f30x_wwdgt.c 0x00000000   Number         0  gd32f30x_wwdgt.o ABSOLUTE
    ..\\..\\Motor\\Src\\drv_motor.c          0x00000000   Number         0  drv_motor.o ABSOLUTE
    ..\\..\\Motor\\Src\\motor_ctrl.c         0x00000000   Number         0  motor_ctrl.o ABSOLUTE
    ..\\..\\Motor\\Src\\motor_protect.c      0x00000000   Number         0  motor_protect.o ABSOLUTE
    cdrcmple.s                               0x00000000   Number         0  cdrcmple.o ABSOLUTE
    dc.s                                     0x00000000   Number         0  dc.o ABSOLUTE
    handlers.s                               0x00000000   Number         0  handlers.o ABSOLUTE
    init.s                                   0x00000000   Number         0  init.o ABSOLUTE
    startup_gd32f30x_hd.s                    0x00000000   Number         0  startup_gd32f30x_hd.o ABSOLUTE
    RESET                                    0x08000000   Section      304  startup_gd32f30x_hd.o(RESET)
    .ARM.Collect$$$$00000000                 0x08000130   Section        0  entry.o(.ARM.Collect$$$$00000000)
    .ARM.Collect$$$$00000001                 0x08000130   Section        4  entry2.o(.ARM.Collect$$$$00000001)
    .ARM.Collect$$$$00000004                 0x08000134   Section        4  entry5.o(.ARM.Collect$$$$00000004)
    .ARM.Collect$$$$00000008                 0x08000138   Section        0  entry7b.o(.ARM.Collect$$$$00000008)
    .ARM.Collect$$$$0000000A                 0x08000138   Section        0  entry8b.o(.ARM.Collect$$$$0000000A)
    .ARM.Collect$$$$0000000B                 0x08000138   Section        8  entry9a.o(.ARM.Collect$$$$0000000B)
    .ARM.Collect$$$$0000000E                 0x08000140   Section        4  entry12b.o(.ARM.Collect$$$$0000000E)
    .ARM.Collect$$$$0000000F                 0x08000144   Section        0  entry10a.o(.ARM.Collect$$$$0000000F)
    .ARM.Collect$$$$00000011                 0x08000144   Section        0  entry11a.o(.ARM.Collect$$$$00000011)
    .ARM.Collect$$$$00002712                 0x08000144   Section        4  entry2.o(.ARM.Collect$$$$00002712)
    __lit__00000000                          0x08000144   Data           4  entry2.o(.ARM.Collect$$$$00002712)
    .text                                    0x08000148   Section       36  startup_gd32f30x_hd.o(.text)
    $v0                                      0x08000148   Number         0  startup_gd32f30x_hd.o(.text)
    .text                                    0x0800016c   Section        0  uidiv.o(.text)
    .text                                    0x08000198   Section       36  init.o(.text)
    .text                                    0x080001bc   Section        0  __dczerorl2.o(.text)
    i.ADC0_1_IRQHandler                      0x08000214   Section        0  gd32f30x_it.o(i.ADC0_1_IRQHandler)
    i.NVIC_SetPriority                       0x08000228   Section        0  systick.o(i.NVIC_SetPriority)
    NVIC_SetPriority                         0x08000229   Thumb Code    32  systick.o(i.NVIC_SetPriority)
    i.SysTick_Handler                        0x08000250   Section        0  gd32f30x_it.o(i.SysTick_Handler)
    i.SystemInit                             0x0800025c   Section        0  system_gd32f30x.o(i.SystemInit)
    i.__0printf$1                            0x080003a4   Section        0  printf1.o(i.__0printf$1)
    i.__scatterload_copy                     0x080003c4   Section       14  handlers.o(i.__scatterload_copy)
    i.__scatterload_null                     0x080003d2   Section        2  handlers.o(i.__scatterload_null)
    i.__scatterload_zeroinit                 0x080003d4   Section       14  handlers.o(i.__scatterload_zeroinit)
    i._printf_core                           0x080003e4   Section        0  printf1.o(i._printf_core)
    _printf_core                             0x080003e5   Thumb Code   336  printf1.o(i._printf_core)
    i._soft_delay_                           0x08000538   Section        0  system_gd32f30x.o(i._soft_delay_)
    _soft_delay_                             0x08000539   Thumb Code    28  system_gd32f30x.o(i._soft_delay_)
    i.adc_calibration_enable                 0x08000554   Section        0  gd32f30x_adc.o(i.adc_calibration_enable)
    i.adc_channel_length_config              0x0800057e   Section        0  gd32f30x_adc.o(i.adc_channel_length_config)
    i.adc_data_alignment_config              0x080005c4   Section        0  gd32f30x_adc.o(i.adc_data_alignment_config)
    i.adc_deinit                             0x080005dc   Section        0  gd32f30x_adc.o(i.adc_deinit)
    i.adc_dma_mode_enable                    0x08000634   Section        0  gd32f30x_adc.o(i.adc_dma_mode_enable)
    i.adc_enable                             0x0800063e   Section        0  gd32f30x_adc.o(i.adc_enable)
    i.adc_external_trigger_config            0x08000650   Section        0  gd32f30x_adc.o(i.adc_external_trigger_config)
    i.adc_external_trigger_source_config     0x0800068e   Section        0  gd32f30x_adc.o(i.adc_external_trigger_source_config)
    i.adc_flag_get                           0x080006be   Section        0  gd32f30x_adc.o(i.adc_flag_get)
    i.adc_inserted_channel_config            0x080006cc   Section        0  gd32f30x_adc.o(i.adc_inserted_channel_config)
    i.adc_inserted_data_read                 0x08000740   Section        0  gd32f30x_adc.o(i.adc_inserted_data_read)
    i.adc_interrupt_disable                  0x0800076e   Section        0  gd32f30x_adc.o(i.adc_interrupt_disable)
    i.adc_interrupt_enable                   0x0800079a   Section        0  gd32f30x_adc.o(i.adc_interrupt_enable)
    i.adc_interrupt_flag_clear               0x080007c6   Section        0  gd32f30x_adc.o(i.adc_interrupt_flag_clear)
    i.adc_mode_config                        0x080007cc   Section        0  gd32f30x_adc.o(i.adc_mode_config)
    i.adc_regular_channel_config             0x080007e8   Section        0  gd32f30x_adc.o(i.adc_regular_channel_config)
    i.adc_regular_data_read                  0x08000894   Section        0  gd32f30x_adc.o(i.adc_regular_data_read)
    i.adc_software_trigger_enable            0x0800089c   Section        0  gd32f30x_adc.o(i.adc_software_trigger_enable)
    i.adc_special_function_config            0x080008ba   Section        0  gd32f30x_adc.o(i.adc_special_function_config)
    i.clarke_amplitude                       0x08000914   Section        0  foc_math.o(i.clarke_amplitude)
    i.csvpwm                                 0x08000938   Section        0  drv_motor.o(i.csvpwm)
    csvpwm                                   0x08000939   Thumb Code   840  drv_motor.o(i.csvpwm)
    i.current_calibrate                      0x08000c90   Section        0  drv_motor.o(i.current_calibrate)
    current_calibrate                        0x08000c91   Thumb Code   424  drv_motor.o(i.current_calibrate)
    i.dbg_periph_enable                      0x08000e48   Section        0  gd32f30x_dbg.o(i.dbg_periph_enable)
    i.delay_1ms                              0x08000e68   Section        0  systick.o(i.delay_1ms)
    i.delay_decrement                        0x08000e7c   Section        0  systick.o(i.delay_decrement)
    i.dma_channel_enable                     0x08000e94   Section        0  gd32f30x_dma.o(i.dma_channel_enable)
    i.dma_circulation_enable                 0x08000ec6   Section        0  gd32f30x_dma.o(i.dma_circulation_enable)
    i.dma_deinit                             0x08000ef8   Section        0  gd32f30x_dma.o(i.dma_deinit)
    i.dma_init                               0x08000f68   Section        0  gd32f30x_dma.o(i.dma_init)
    i.dma_memory_to_memory_disable           0x08001096   Section        0  gd32f30x_dma.o(i.dma_memory_to_memory_disable)
    i.dma_periph_and_channel_check           0x080010c8   Section        0  gd32f30x_dma.o(i.dma_periph_and_channel_check)
    dma_periph_and_channel_check             0x080010c9   Thumb Code    18  gd32f30x_dma.o(i.dma_periph_and_channel_check)
    i.encoder_spi_rw                         0x080010e0   Section        0  drv_motor.o(i.encoder_spi_rw)
    encoder_spi_rw                           0x080010e1   Thumb Code    56  drv_motor.o(i.encoder_spi_rw)
    i.fmc_bank0_ready_wait                   0x08001118   Section        0  gd32f30x_fmc.o(i.fmc_bank0_ready_wait)
    i.fmc_bank0_state_get                    0x0800113c   Section        0  gd32f30x_fmc.o(i.fmc_bank0_state_get)
    i.fmc_bank1_ready_wait                   0x0800116c   Section        0  gd32f30x_fmc.o(i.fmc_bank1_ready_wait)
    i.fmc_bank1_state_get                    0x08001190   Section        0  gd32f30x_fmc.o(i.fmc_bank1_state_get)
    i.fmc_flag_clear                         0x080011c0   Section        0  gd32f30x_fmc.o(i.fmc_flag_clear)
    i.fmc_halfword_program                   0x080011e0   Section        0  gd32f30x_fmc.o(i.fmc_halfword_program)
    i.fmc_lock                               0x08001298   Section        0  gd32f30x_fmc.o(i.fmc_lock)
    i.fmc_page_erase                         0x080012c4   Section        0  gd32f30x_fmc.o(i.fmc_page_erase)
    i.fmc_unlock                             0x080013b4   Section        0  gd32f30x_fmc.o(i.fmc_unlock)
    i.fputc                                  0x080013f8   Section        0  main.o(i.fputc)
    i.gd_gpio_config                         0x0800141c   Section        0  main.o(i.gd_gpio_config)
    gd_gpio_config                           0x0800141d   Thumb Code    40  main.o(i.gd_gpio_config)
    i.gd_uart2_config                        0x08001448   Section        0  main.o(i.gd_uart2_config)
    gd_uart2_config                          0x08001449   Thumb Code    50  main.o(i.gd_uart2_config)
    i.gpio_bit_reset                         0x08001480   Section        0  gd32f30x_gpio.o(i.gpio_bit_reset)
    i.gpio_bit_set                           0x08001484   Section        0  gd32f30x_gpio.o(i.gpio_bit_set)
    i.gpio_init                              0x08001488   Section        0  gd32f30x_gpio.o(i.gpio_init)
    i.gpio_input_bit_get                     0x08001544   Section        0  gd32f30x_gpio.o(i.gpio_input_bit_get)
    i.gpio_pin_remap_config                  0x08001554   Section        0  gd32f30x_gpio.o(i.gpio_pin_remap_config)
    i.loop                                   0x080015e4   Section        0  loop.o(i.loop)
    i.main                                   0x080016dc   Section        0  main.o(i.main)
    i.motor_adc_config                       0x08001728   Section        0  drv_motor.o(i.motor_adc_config)
    motor_adc_config                         0x08001729   Thumb Code   234  drv_motor.o(i.motor_adc_config)
    i.motor_angle_speed_get                  0x0800181c   Section        0  drv_motor.o(i.motor_angle_speed_get)
    i.motor_ctrl                             0x08001b58   Section        0  motor_ctrl.o(i.motor_ctrl)
    i.motor_current_get                      0x08002070   Section        0  drv_motor.o(i.motor_current_get)
    i.motor_gpio_config                      0x08002110   Section        0  drv_motor.o(i.motor_gpio_config)
    motor_gpio_config                        0x08002111   Thumb Code   196  drv_motor.o(i.motor_gpio_config)
    i.motor_init                             0x080021e0   Section        0  drv_motor.o(i.motor_init)
    i.motor_joint_zero_set                   0x080021fc   Section        0  drv_motor.o(i.motor_joint_zero_set)
    i.motor_protect_adc_config               0x08002210   Section        0  motor_protect.o(i.motor_protect_adc_config)
    motor_protect_adc_config                 0x08002211   Thumb Code    70  motor_protect.o(i.motor_protect_adc_config)
    i.motor_protect_check                    0x0800225c   Section        0  motor_protect.o(i.motor_protect_check)
    i.motor_protect_dma_config               0x08002270   Section        0  motor_protect.o(i.motor_protect_dma_config)
    motor_protect_dma_config                 0x08002271   Thumb Code    94  motor_protect.o(i.motor_protect_dma_config)
    i.motor_protect_gpio_config              0x080022dc   Section        0  motor_protect.o(i.motor_protect_gpio_config)
    motor_protect_gpio_config                0x080022dd   Thumb Code    16  motor_protect.o(i.motor_protect_gpio_config)
    i.motor_protect_peripheral_init          0x080022f0   Section        0  motor_protect.o(i.motor_protect_peripheral_init)
    i.motor_protect_rcu_config               0x08002304   Section        0  motor_protect.o(i.motor_protect_rcu_config)
    motor_protect_rcu_config                 0x08002305   Thumb Code    28  motor_protect.o(i.motor_protect_rcu_config)
    i.motor_protect_var_init                 0x08002320   Section        0  motor_protect.o(i.motor_protect_var_init)
    i.motor_protect_voltage_check            0x08002378   Section        0  motor_protect.o(i.motor_protect_voltage_check)
    motor_protect_voltage_check              0x08002379   Thumb Code   142  motor_protect.o(i.motor_protect_voltage_check)
    i.motor_pwm_set                          0x0800241c   Section        0  drv_motor.o(i.motor_pwm_set)
    i.motor_raw_angle_get                    0x08002464   Section        0  drv_motor.o(i.motor_raw_angle_get)
    i.motor_rcu_config                       0x080024dc   Section        0  drv_motor.o(i.motor_rcu_config)
    motor_rcu_config                         0x080024dd   Thumb Code    66  drv_motor.o(i.motor_rcu_config)
    i.motor_spi2_config                      0x08002520   Section        0  drv_motor.o(i.motor_spi2_config)
    motor_spi2_config                        0x08002521   Thumb Code    72  drv_motor.o(i.motor_spi2_config)
    i.motor_start                            0x08002574   Section        0  drv_motor.o(i.motor_start)
    i.motor_stop                             0x080025e4   Section        0  drv_motor.o(i.motor_stop)
    i.motor_timer0_config                    0x08002644   Section        0  drv_motor.o(i.motor_timer0_config)
    motor_timer0_config                      0x08002645   Thumb Code   318  drv_motor.o(i.motor_timer0_config)
    i.nvic_irq_enable                        0x08002788   Section        0  gd32f30x_misc.o(i.nvic_irq_enable)
    i.nvic_priority_group_set                0x0800284c   Section        0  gd32f30x_misc.o(i.nvic_priority_group_set)
    i.offset_angle_fmc_data_program          0x08002860   Section        0  motor_ctrl.o(i.offset_angle_fmc_data_program)
    offset_angle_fmc_data_program            0x08002861   Thumb Code    30  motor_ctrl.o(i.offset_angle_fmc_data_program)
    i.offset_angle_fmc_erase_pages           0x08002884   Section        0  motor_ctrl.o(i.offset_angle_fmc_erase_pages)
    offset_angle_fmc_erase_pages             0x08002885   Thumb Code    34  motor_ctrl.o(i.offset_angle_fmc_erase_pages)
    i.over_modulation                        0x080028ac   Section        0  motor_ctrl.o(i.over_modulation)
    over_modulation                          0x080028ad   Thumb Code   194  motor_ctrl.o(i.over_modulation)
    i.park                                   0x08002974   Section        0  foc_math.o(i.park)
    i.pid_regulation                         0x080029ac   Section        0  foc_math.o(i.pid_regulation)
    i.position_error_normalize               0x08002a60   Section        0  motor_ctrl.o(i.position_error_normalize)
    position_error_normalize                 0x08002a61   Thumb Code    66  motor_ctrl.o(i.position_error_normalize)
    i.position_ref_plan_step                 0x08002ab0   Section        0  motor_ctrl.o(i.position_ref_plan_step)
    position_ref_plan_step                   0x08002ab1   Thumb Code    88  motor_ctrl.o(i.position_ref_plan_step)
    i.print_reset_reason                     0x08002b10   Section        0  main.o(i.print_reset_reason)
    print_reset_reason                       0x08002b11   Thumb Code   116  main.o(i.print_reset_reason)
    i.rcu_adc_clock_config                   0x08002c3c   Section        0  gd32f30x_rcu.o(i.rcu_adc_clock_config)
    i.rcu_all_reset_flag_clear               0x08002ca8   Section        0  gd32f30x_rcu.o(i.rcu_all_reset_flag_clear)
    i.rcu_clock_freq_get                     0x08002cbc   Section        0  gd32f30x_rcu.o(i.rcu_clock_freq_get)
    i.rcu_flag_get                           0x08002e14   Section        0  gd32f30x_rcu.o(i.rcu_flag_get)
    i.rcu_periph_clock_enable                0x08002e38   Section        0  gd32f30x_rcu.o(i.rcu_periph_clock_enable)
    i.rcu_periph_reset_disable               0x08002e58   Section        0  gd32f30x_rcu.o(i.rcu_periph_reset_disable)
    i.rcu_periph_reset_enable                0x08002e78   Section        0  gd32f30x_rcu.o(i.rcu_periph_reset_enable)
    i.rev_park                               0x08002e98   Section        0  foc_math.o(i.rev_park)
    i.sin_cos_float                          0x08002ed0   Section        0  foc_math.o(i.sin_cos_float)
    i.spi_enable                             0x080031a8   Section        0  gd32f30x_spi.o(i.spi_enable)
    i.spi_i2s_data_receive                   0x080031b2   Section        0  gd32f30x_spi.o(i.spi_i2s_data_receive)
    i.spi_i2s_data_transmit                  0x080031ba   Section        0  gd32f30x_spi.o(i.spi_i2s_data_transmit)
    i.spi_i2s_flag_get                       0x080031be   Section        0  gd32f30x_spi.o(i.spi_i2s_flag_get)
    i.spi_init                               0x080031ce   Section        0  gd32f30x_spi.o(i.spi_init)
    i.sqrt_float                             0x08003200   Section        0  foc_math.o(i.sqrt_float)
    i.system_clock_120m_hxtal                0x08003270   Section        0  system_gd32f30x.o(i.system_clock_120m_hxtal)
    system_clock_120m_hxtal                  0x08003271   Thumb Code   266  system_gd32f30x.o(i.system_clock_120m_hxtal)
    i.system_clock_config                    0x0800338c   Section        0  system_gd32f30x.o(i.system_clock_config)
    system_clock_config                      0x0800338d   Thumb Code     8  system_gd32f30x.o(i.system_clock_config)
    i.systick_config                         0x08003394   Section        0  systick.o(i.systick_config)
    i.timer_auto_reload_shadow_enable        0x080033e4   Section        0  gd32f30x_timer.o(i.timer_auto_reload_shadow_enable)
    i.timer_channel_complementary_output_state_config 0x080033ee   Section        0  gd32f30x_timer.o(i.timer_channel_complementary_output_state_config)
    i.timer_channel_output_config            0x08003434   Section        0  gd32f30x_timer.o(i.timer_channel_output_config)
    i.timer_channel_output_mode_config       0x08003620   Section        0  gd32f30x_timer.o(i.timer_channel_output_mode_config)
    i.timer_channel_output_pulse_value_config 0x0800367a   Section        0  gd32f30x_timer.o(i.timer_channel_output_pulse_value_config)
    i.timer_channel_output_shadow_config     0x080036a0   Section        0  gd32f30x_timer.o(i.timer_channel_output_shadow_config)
    i.timer_channel_output_state_config      0x080036fa   Section        0  gd32f30x_timer.o(i.timer_channel_output_state_config)
    i.timer_channel_output_struct_para_init  0x08003756   Section        0  gd32f30x_timer.o(i.timer_channel_output_struct_para_init)
    i.timer_deinit                           0x08003768   Section        0  gd32f30x_timer.o(i.timer_deinit)
    i.timer_disable                          0x08003844   Section        0  gd32f30x_timer.o(i.timer_disable)
    i.timer_enable                           0x0800384e   Section        0  gd32f30x_timer.o(i.timer_enable)
    i.timer_event_software_generate          0x08003858   Section        0  gd32f30x_timer.o(i.timer_event_software_generate)
    i.timer_init                             0x08003860   Section        0  gd32f30x_timer.o(i.timer_init)
    i.timer_master_output_trigger_source_select 0x080038f8   Section        0  gd32f30x_timer.o(i.timer_master_output_trigger_source_select)
    i.timer_master_slave_mode_config         0x08003908   Section        0  gd32f30x_timer.o(i.timer_master_slave_mode_config)
    i.timer_primary_output_config            0x08003922   Section        0  gd32f30x_timer.o(i.timer_primary_output_config)
    i.timer_struct_para_init                 0x0800393a   Section        0  gd32f30x_timer.o(i.timer_struct_para_init)
    i.timer_update_event_disable             0x08003950   Section        0  gd32f30x_timer.o(i.timer_update_event_disable)
    i.timer_update_event_enable              0x0800395a   Section        0  gd32f30x_timer.o(i.timer_update_event_enable)
    i.usart_baudrate_set                     0x08003964   Section        0  gd32f30x_usart.o(i.usart_baudrate_set)
    i.usart_data_transmit                    0x080039f4   Section        0  gd32f30x_usart.o(i.usart_data_transmit)
    i.usart_deinit                           0x080039fc   Section        0  gd32f30x_usart.o(i.usart_deinit)
    i.usart_enable                           0x08003a8c   Section        0  gd32f30x_usart.o(i.usart_enable)
    i.usart_flag_get                         0x08003a96   Section        0  gd32f30x_usart.o(i.usart_flag_get)
    i.usart_receive_config                   0x08003ab4   Section        0  gd32f30x_usart.o(i.usart_receive_config)
    i.usart_transmit_config                  0x08003ac8   Section        0  gd32f30x_usart.o(i.usart_transmit_config)
    .constdata                               0x08003adc   Section       40  loop.o(.constdata)
    position_sequence                        0x08003adc   Data          16  loop.o(.constdata)
    lock_test_sequence                       0x08003aec   Data          16  loop.o(.constdata)
    lock_test_hold_ms                        0x08003afc   Data           8  loop.o(.constdata)
    .constdata                               0x08003b04   Section      932  foc_math.o(.constdata)
    sin_table                                0x08003b04   Data         524  foc_math.o(.constdata)
    atan_table                               0x08003d10   Data         408  foc_math.o(.constdata)
    .data                                    0x20000000   Section        4  system_gd32f30x.o(.data)
    .data                                    0x20000004   Section        4  systick.o(.data)
    delay                                    0x20000004   Data           4  systick.o(.data)
    .data                                    0x20000008   Section       18  loop.o(.data)
    position_index                           0x20000018   Data           1  loop.o(.data)
    lock_test_index                          0x20000019   Data           1  loop.o(.data)
    .data                                    0x2000001c   Section       16  drv_motor.o(.data)
    angle_track_init                         0x2000001c   Data           1  drv_motor.o(.data)
    mech_angle_pre                           0x20000020   Data           4  drv_motor.o(.data)
    mech_angle_total                         0x20000024   Data           4  drv_motor.o(.data)
    f64AngleSet                              0x20000028   Data           4  drv_motor.o(.data)
    .data                                    0x2000002c   Section      324  motor_ctrl.o(.data)
    u8CalibFlag                              0x20000168   Data           1  motor_ctrl.o(.data)
    u8CalibCnt                               0x20000169   Data           1  motor_ctrl.o(.data)
    u8SpdCnt                                 0x2000016a   Data           1  motor_ctrl.o(.data)
    u8PosCnt                                 0x2000016b   Data           1  motor_ctrl.o(.data)
    f64PosError                              0x2000016c   Data           4  motor_ctrl.o(.data)
    .data                                    0x20000170   Section      164  motor_protect.o(.data)
    adc_regular_buffer                       0x20000170   Data           2  motor_protect.o(.data)
    motor_lock_voltage                       0x20000174   Data         160  motor_protect.o(.data)
    .data                                    0x20000214   Section        4  stdout.o(.data)
    .bss                                     0x20000218   Section       48  motor_protect.o(.bss)
    STACK                                    0x20000248   Section     1024  startup_gd32f30x_hd.o(STACK)

    Global Symbols

    Symbol Name                              Value     Ov Type        Size  Object(Section)

    BuildAttributes$$THM_ISAv4$E$P$D$K$B$S$7EM$VFPi3$EXTD16$VFPS$VFMA$PE$A:L22UL41UL21$X:L11$S22US41US21$IEEE1$IW$USESV6$~STKCKD$USESV7$~SHL$OSPACE$ROPI$EBA8$MICROLIB$REQ8$PRES8$EABIv2 0x00000000   Number         0  anon$$obj.o ABSOLUTE
    __ARM_use_no_argv                        0x00000000   Number         0  main.o ABSOLUTE
    _printf_a                                0x00000000   Number         0  stubs.o ABSOLUTE
    _printf_c                                0x00000000   Number         0  stubs.o ABSOLUTE
    _printf_charcount                        0x00000000   Number         0  stubs.o ABSOLUTE
    _printf_d                                0x00000000   Number         0  stubs.o ABSOLUTE
    _printf_e                                0x00000000   Number         0  stubs.o ABSOLUTE
    _printf_f                                0x00000000   Number         0  stubs.o ABSOLUTE
    _printf_flags                            0x00000000   Number         0  stubs.o ABSOLUTE
    _printf_fp_dec                           0x00000000   Number         0  stubs.o ABSOLUTE
    _printf_fp_hex                           0x00000000   Number         0  stubs.o ABSOLUTE
    _printf_g                                0x00000000   Number         0  stubs.o ABSOLUTE
    _printf_i                                0x00000000   Number         0  stubs.o ABSOLUTE
    _printf_int_dec                          0x00000000   Number         0  stubs.o ABSOLUTE
    _printf_l                                0x00000000   Number         0  stubs.o ABSOLUTE
    _printf_lc                               0x00000000   Number         0  stubs.o ABSOLUTE
    _printf_ll                               0x00000000   Number         0  stubs.o ABSOLUTE
    _printf_lld                              0x00000000   Number         0  stubs.o ABSOLUTE
    _printf_lli                              0x00000000   Number         0  stubs.o ABSOLUTE
    _printf_llo                              0x00000000   Number         0  stubs.o ABSOLUTE
    _printf_llu                              0x00000000   Number         0  stubs.o ABSOLUTE
    _printf_llx                              0x00000000   Number         0  stubs.o ABSOLUTE
    _printf_longlong_dec                     0x00000000   Number         0  stubs.o ABSOLUTE
    _printf_longlong_hex                     0x00000000   Number         0  stubs.o ABSOLUTE
    _printf_longlong_oct                     0x00000000   Number         0  stubs.o ABSOLUTE
    _printf_ls                               0x00000000   Number         0  stubs.o ABSOLUTE
    _printf_mbtowc                           0x00000000   Number         0  stubs.o ABSOLUTE
    _printf_n                                0x00000000   Number         0  stubs.o ABSOLUTE
    _printf_o                                0x00000000   Number         0  stubs.o ABSOLUTE
    _printf_p                                0x00000000   Number         0  stubs.o ABSOLUTE
    _printf_percent                          0x00000000   Number         0  stubs.o ABSOLUTE
    _printf_pre_padding                      0x00000000   Number         0  stubs.o ABSOLUTE
    _printf_return_value                     0x00000000   Number         0  stubs.o ABSOLUTE
    _printf_s                                0x00000000   Number         0  stubs.o ABSOLUTE
    _printf_sizespec                         0x00000000   Number         0  stubs.o ABSOLUTE
    _printf_str                              0x00000000   Number         0  stubs.o ABSOLUTE
    _printf_truncate_signed                  0x00000000   Number         0  stubs.o ABSOLUTE
    _printf_truncate_unsigned                0x00000000   Number         0  stubs.o ABSOLUTE
    _printf_u                                0x00000000   Number         0  stubs.o ABSOLUTE
    _printf_wc                               0x00000000   Number         0  stubs.o ABSOLUTE
    _printf_wctomb                           0x00000000   Number         0  stubs.o ABSOLUTE
    _printf_widthprec                        0x00000000   Number         0  stubs.o ABSOLUTE
    _printf_x                                0x00000000   Number         0  stubs.o ABSOLUTE
    __arm_fini_                               - Undefined Weak Reference
    __cpp_initialize__aeabi_                  - Undefined Weak Reference
    __cxa_finalize                            - Undefined Weak Reference
    _clock_init                               - Undefined Weak Reference
    _microlib_exit                            - Undefined Weak Reference
    __Vectors_Size                           0x00000130   Number         0  startup_gd32f30x_hd.o ABSOLUTE
    __Vectors                                0x08000000   Data           4  startup_gd32f30x_hd.o(RESET)
    __Vectors_End                            0x08000130   Data           0  startup_gd32f30x_hd.o(RESET)
    __main                                   0x08000131   Thumb Code     0  entry.o(.ARM.Collect$$$$00000000)
    _main_stk                                0x08000131   Thumb Code     0  entry2.o(.ARM.Collect$$$$00000001)
    _main_scatterload                        0x08000135   Thumb Code     0  entry5.o(.ARM.Collect$$$$00000004)
    __main_after_scatterload                 0x08000139   Thumb Code     0  entry5.o(.ARM.Collect$$$$00000004)
    _main_clock                              0x08000139   Thumb Code     0  entry7b.o(.ARM.Collect$$$$00000008)
    _main_cpp_init                           0x08000139   Thumb Code     0  entry8b.o(.ARM.Collect$$$$0000000A)
    _main_init                               0x08000139   Thumb Code     0  entry9a.o(.ARM.Collect$$$$0000000B)
    __rt_lib_shutdown_fini                   0x08000141   Thumb Code     0  entry12b.o(.ARM.Collect$$$$0000000E)
    __rt_final_cpp                           0x08000145   Thumb Code     0  entry10a.o(.ARM.Collect$$$$0000000F)
    __rt_final_exit                          0x08000145   Thumb Code     0  entry11a.o(.ARM.Collect$$$$00000011)
    Reset_Handler                            0x08000149   Thumb Code     8  startup_gd32f30x_hd.o(.text)
    NMI_Handler                              0x08000151   Thumb Code     2  startup_gd32f30x_hd.o(.text)
    HardFault_Handler                        0x08000153   Thumb Code     2  startup_gd32f30x_hd.o(.text)
    MemManage_Handler                        0x08000155   Thumb Code     2  startup_gd32f30x_hd.o(.text)
    BusFault_Handler                         0x08000157   Thumb Code     2  startup_gd32f30x_hd.o(.text)
    UsageFault_Handler                       0x08000159   Thumb Code     2  startup_gd32f30x_hd.o(.text)
    SVC_Handler                              0x0800015b   Thumb Code     2  startup_gd32f30x_hd.o(.text)
    DebugMon_Handler                         0x0800015d   Thumb Code     2  startup_gd32f30x_hd.o(.text)
    PendSV_Handler                           0x0800015f   Thumb Code     2  startup_gd32f30x_hd.o(.text)
    ADC2_IRQHandler                          0x08000163   Thumb Code     0  startup_gd32f30x_hd.o(.text)
    CAN0_EWMC_IRQHandler                     0x08000163   Thumb Code     0  startup_gd32f30x_hd.o(.text)
    CAN0_RX1_IRQHandler                      0x08000163   Thumb Code     0  startup_gd32f30x_hd.o(.text)
    DMA0_Channel0_IRQHandler                 0x08000163   Thumb Code     0  startup_gd32f30x_hd.o(.text)
    DMA0_Channel1_IRQHandler                 0x08000163   Thumb Code     0  startup_gd32f30x_hd.o(.text)
    DMA0_Channel2_IRQHandler                 0x08000163   Thumb Code     0  startup_gd32f30x_hd.o(.text)
    DMA0_Channel3_IRQHandler                 0x08000163   Thumb Code     0  startup_gd32f30x_hd.o(.text)
    DMA0_Channel4_IRQHandler                 0x08000163   Thumb Code     0  startup_gd32f30x_hd.o(.text)
    DMA0_Channel5_IRQHandler                 0x08000163   Thumb Code     0  startup_gd32f30x_hd.o(.text)
    DMA0_Channel6_IRQHandler                 0x08000163   Thumb Code     0  startup_gd32f30x_hd.o(.text)
    DMA1_Channel0_IRQHandler                 0x08000163   Thumb Code     0  startup_gd32f30x_hd.o(.text)
    DMA1_Channel1_IRQHandler                 0x08000163   Thumb Code     0  startup_gd32f30x_hd.o(.text)
    DMA1_Channel2_IRQHandler                 0x08000163   Thumb Code     0  startup_gd32f30x_hd.o(.text)
    DMA1_Channel3_4_IRQHandler               0x08000163   Thumb Code     0  startup_gd32f30x_hd.o(.text)
    EXMC_IRQHandler                          0x08000163   Thumb Code     0  startup_gd32f30x_hd.o(.text)
    EXTI0_IRQHandler                         0x08000163   Thumb Code     0  startup_gd32f30x_hd.o(.text)
    EXTI10_15_IRQHandler                     0x08000163   Thumb Code     0  startup_gd32f30x_hd.o(.text)
    EXTI1_IRQHandler                         0x08000163   Thumb Code     0  startup_gd32f30x_hd.o(.text)
    EXTI2_IRQHandler                         0x08000163   Thumb Code     0  startup_gd32f30x_hd.o(.text)
    EXTI3_IRQHandler                         0x08000163   Thumb Code     0  startup_gd32f30x_hd.o(.text)
    EXTI4_IRQHandler                         0x08000163   Thumb Code     0  startup_gd32f30x_hd.o(.text)
    EXTI5_9_IRQHandler                       0x08000163   Thumb Code     0  startup_gd32f30x_hd.o(.text)
    FMC_IRQHandler                           0x08000163   Thumb Code     0  startup_gd32f30x_hd.o(.text)
    I2C0_ER_IRQHandler                       0x08000163   Thumb Code     0  startup_gd32f30x_hd.o(.text)
    I2C0_EV_IRQHandler                       0x08000163   Thumb Code     0  startup_gd32f30x_hd.o(.text)
    I2C1_ER_IRQHandler                       0x08000163   Thumb Code     0  startup_gd32f30x_hd.o(.text)
    I2C1_EV_IRQHandler                       0x08000163   Thumb Code     0  startup_gd32f30x_hd.o(.text)
    LVD_IRQHandler                           0x08000163   Thumb Code     0  startup_gd32f30x_hd.o(.text)
    RCU_CTC_IRQHandler                       0x08000163   Thumb Code     0  startup_gd32f30x_hd.o(.text)
    RTC_Alarm_IRQHandler                     0x08000163   Thumb Code     0  startup_gd32f30x_hd.o(.text)
    RTC_IRQHandler                           0x08000163   Thumb Code     0  startup_gd32f30x_hd.o(.text)
    SDIO_IRQHandler                          0x08000163   Thumb Code     0  startup_gd32f30x_hd.o(.text)
    SPI0_IRQHandler                          0x08000163   Thumb Code     0  startup_gd32f30x_hd.o(.text)
    SPI1_IRQHandler                          0x08000163   Thumb Code     0  startup_gd32f30x_hd.o(.text)
    SPI2_IRQHandler                          0x08000163   Thumb Code     0  startup_gd32f30x_hd.o(.text)
    TAMPER_IRQHandler                        0x08000163   Thumb Code     0  startup_gd32f30x_hd.o(.text)
    TIMER0_BRK_IRQHandler                    0x08000163   Thumb Code     0  startup_gd32f30x_hd.o(.text)
    TIMER0_Channel_IRQHandler                0x08000163   Thumb Code     0  startup_gd32f30x_hd.o(.text)
    TIMER0_TRG_CMT_IRQHandler                0x08000163   Thumb Code     0  startup_gd32f30x_hd.o(.text)
    TIMER0_UP_IRQHandler                     0x08000163   Thumb Code     0  startup_gd32f30x_hd.o(.text)
    TIMER1_IRQHandler                        0x08000163   Thumb Code     0  startup_gd32f30x_hd.o(.text)
    TIMER2_IRQHandler                        0x08000163   Thumb Code     0  startup_gd32f30x_hd.o(.text)
    TIMER3_IRQHandler                        0x08000163   Thumb Code     0  startup_gd32f30x_hd.o(.text)
    TIMER4_IRQHandler                        0x08000163   Thumb Code     0  startup_gd32f30x_hd.o(.text)
    TIMER5_IRQHandler                        0x08000163   Thumb Code     0  startup_gd32f30x_hd.o(.text)
    TIMER6_IRQHandler                        0x08000163   Thumb Code     0  startup_gd32f30x_hd.o(.text)
    TIMER7_BRK_IRQHandler                    0x08000163   Thumb Code     0  startup_gd32f30x_hd.o(.text)
    TIMER7_Channel_IRQHandler                0x08000163   Thumb Code     0  startup_gd32f30x_hd.o(.text)
    TIMER7_TRG_CMT_IRQHandler                0x08000163   Thumb Code     0  startup_gd32f30x_hd.o(.text)
    TIMER7_UP_IRQHandler                     0x08000163   Thumb Code     0  startup_gd32f30x_hd.o(.text)
    UART3_IRQHandler                         0x08000163   Thumb Code     0  startup_gd32f30x_hd.o(.text)
    UART4_IRQHandler                         0x08000163   Thumb Code     0  startup_gd32f30x_hd.o(.text)
    USART0_IRQHandler                        0x08000163   Thumb Code     0  startup_gd32f30x_hd.o(.text)
    USART1_IRQHandler                        0x08000163   Thumb Code     0  startup_gd32f30x_hd.o(.text)
    USART2_IRQHandler                        0x08000163   Thumb Code     0  startup_gd32f30x_hd.o(.text)
    USBD_HP_CAN0_TX_IRQHandler               0x08000163   Thumb Code     0  startup_gd32f30x_hd.o(.text)
    USBD_LP_CAN0_RX0_IRQHandler              0x08000163   Thumb Code     0  startup_gd32f30x_hd.o(.text)
    USBD_WKUP_IRQHandler                     0x08000163   Thumb Code     0  startup_gd32f30x_hd.o(.text)
    WWDGT_IRQHandler                         0x08000163   Thumb Code     0  startup_gd32f30x_hd.o(.text)
    __aeabi_uidiv                            0x0800016d   Thumb Code     0  uidiv.o(.text)
    __aeabi_uidivmod                         0x0800016d   Thumb Code    44  uidiv.o(.text)
    __scatterload                            0x08000199   Thumb Code    28  init.o(.text)
    __scatterload_rt2                        0x08000199   Thumb Code     0  init.o(.text)
    __decompress                             0x080001bd   Thumb Code     0  __dczerorl2.o(.text)
    __decompress1                            0x080001bd   Thumb Code    86  __dczerorl2.o(.text)
    ADC0_1_IRQHandler                        0x08000215   Thumb Code    16  gd32f30x_it.o(i.ADC0_1_IRQHandler)
    SysTick_Handler                          0x08000251   Thumb Code    12  gd32f30x_it.o(i.SysTick_Handler)
    SystemInit                               0x0800025d   Thumb Code   316  system_gd32f30x.o(i.SystemInit)
    __0printf$1                              0x080003a5   Thumb Code    22  printf1.o(i.__0printf$1)
    __1printf$1                              0x080003a5   Thumb Code     0  printf1.o(i.__0printf$1)
    __2printf                                0x080003a5   Thumb Code     0  printf1.o(i.__0printf$1)
    __scatterload_copy                       0x080003c5   Thumb Code    14  handlers.o(i.__scatterload_copy)
    __scatterload_null                       0x080003d3   Thumb Code     2  handlers.o(i.__scatterload_null)
    __scatterload_zeroinit                   0x080003d5   Thumb Code    14  handlers.o(i.__scatterload_zeroinit)
    adc_calibration_enable                   0x08000555   Thumb Code    42  gd32f30x_adc.o(i.adc_calibration_enable)
    adc_channel_length_config                0x0800057f   Thumb Code    70  gd32f30x_adc.o(i.adc_channel_length_config)
    adc_data_alignment_config                0x080005c5   Thumb Code    22  gd32f30x_adc.o(i.adc_data_alignment_config)
    adc_deinit                               0x080005dd   Thumb Code    84  gd32f30x_adc.o(i.adc_deinit)
    adc_dma_mode_enable                      0x08000635   Thumb Code    10  gd32f30x_adc.o(i.adc_dma_mode_enable)
    adc_enable                               0x0800063f   Thumb Code    18  gd32f30x_adc.o(i.adc_enable)
    adc_external_trigger_config              0x08000651   Thumb Code    62  gd32f30x_adc.o(i.adc_external_trigger_config)
    adc_external_trigger_source_config       0x0800068f   Thumb Code    48  gd32f30x_adc.o(i.adc_external_trigger_source_config)
    adc_flag_get                             0x080006bf   Thumb Code    14  gd32f30x_adc.o(i.adc_flag_get)
    adc_inserted_channel_config              0x080006cd   Thumb Code   116  gd32f30x_adc.o(i.adc_inserted_channel_config)
    adc_inserted_data_read                   0x08000741   Thumb Code    46  gd32f30x_adc.o(i.adc_inserted_data_read)
    adc_interrupt_disable                    0x0800076f   Thumb Code    44  gd32f30x_adc.o(i.adc_interrupt_disable)
    adc_interrupt_enable                     0x0800079b   Thumb Code    44  gd32f30x_adc.o(i.adc_interrupt_enable)
    adc_interrupt_flag_clear                 0x080007c7   Thumb Code     6  gd32f30x_adc.o(i.adc_interrupt_flag_clear)
    adc_mode_config                          0x080007cd   Thumb Code    22  gd32f30x_adc.o(i.adc_mode_config)
    adc_regular_channel_config               0x080007e9   Thumb Code   172  gd32f30x_adc.o(i.adc_regular_channel_config)
    adc_regular_data_read                    0x08000895   Thumb Code     8  gd32f30x_adc.o(i.adc_regular_data_read)
    adc_software_trigger_enable              0x0800089d   Thumb Code    30  gd32f30x_adc.o(i.adc_software_trigger_enable)
    adc_special_function_config              0x080008bb   Thumb Code    90  gd32f30x_adc.o(i.adc_special_function_config)
    clarke_amplitude                         0x08000915   Thumb Code    26  foc_math.o(i.clarke_amplitude)
    dbg_periph_enable                        0x08000e49   Thumb Code    28  gd32f30x_dbg.o(i.dbg_periph_enable)
    delay_1ms                                0x08000e69   Thumb Code    16  systick.o(i.delay_1ms)
    delay_decrement                          0x08000e7d   Thumb Code    18  systick.o(i.delay_decrement)
    dma_channel_enable                       0x08000e95   Thumb Code    50  gd32f30x_dma.o(i.dma_channel_enable)
    dma_circulation_enable                   0x08000ec7   Thumb Code    50  gd32f30x_dma.o(i.dma_circulation_enable)
    dma_deinit                               0x08000ef9   Thumb Code   112  gd32f30x_dma.o(i.dma_deinit)
    dma_init                                 0x08000f69   Thumb Code   302  gd32f30x_dma.o(i.dma_init)
    dma_memory_to_memory_disable             0x08001097   Thumb Code    50  gd32f30x_dma.o(i.dma_memory_to_memory_disable)
    fmc_bank0_ready_wait                     0x08001119   Thumb Code    34  gd32f30x_fmc.o(i.fmc_bank0_ready_wait)
    fmc_bank0_state_get                      0x0800113d   Thumb Code    44  gd32f30x_fmc.o(i.fmc_bank0_state_get)
    fmc_bank1_ready_wait                     0x0800116d   Thumb Code    34  gd32f30x_fmc.o(i.fmc_bank1_ready_wait)
    fmc_bank1_state_get                      0x08001191   Thumb Code    44  gd32f30x_fmc.o(i.fmc_bank1_state_get)
    fmc_flag_clear                           0x080011c1   Thumb Code    28  gd32f30x_fmc.o(i.fmc_flag_clear)
    fmc_halfword_program                     0x080011e1   Thumb Code   166  gd32f30x_fmc.o(i.fmc_halfword_program)
    fmc_lock                                 0x08001299   Thumb Code    34  gd32f30x_fmc.o(i.fmc_lock)
    fmc_page_erase                           0x080012c5   Thumb Code   222  gd32f30x_fmc.o(i.fmc_page_erase)
    fmc_unlock                               0x080013b5   Thumb Code    52  gd32f30x_fmc.o(i.fmc_unlock)
    fputc                                    0x080013f9   Thumb Code    32  main.o(i.fputc)
    gpio_bit_reset                           0x08001481   Thumb Code     4  gd32f30x_gpio.o(i.gpio_bit_reset)
    gpio_bit_set                             0x08001485   Thumb Code     4  gd32f30x_gpio.o(i.gpio_bit_set)
    gpio_init                                0x08001489   Thumb Code   188  gd32f30x_gpio.o(i.gpio_init)
    gpio_input_bit_get                       0x08001545   Thumb Code    16  gd32f30x_gpio.o(i.gpio_input_bit_get)
    gpio_pin_remap_config                    0x08001555   Thumb Code   138  gd32f30x_gpio.o(i.gpio_pin_remap_config)
    loop                                     0x080015e5   Thumb Code   158  loop.o(i.loop)
    main                                     0x080016dd   Thumb Code    46  main.o(i.main)
    motor_angle_speed_get                    0x0800181d   Thumb Code   770  drv_motor.o(i.motor_angle_speed_get)
    motor_ctrl                               0x08001b59   Thumb Code  1300  motor_ctrl.o(i.motor_ctrl)
    motor_current_get                        0x08002071   Thumb Code   142  drv_motor.o(i.motor_current_get)
    motor_init                               0x080021e1   Thumb Code    28  drv_motor.o(i.motor_init)
    motor_joint_zero_set                     0x080021fd   Thumb Code    20  drv_motor.o(i.motor_joint_zero_set)
    motor_protect_check                      0x0800225d   Thumb Code    16  motor_protect.o(i.motor_protect_check)
    motor_protect_peripheral_init            0x080022f1   Thumb Code    20  motor_protect.o(i.motor_protect_peripheral_init)
    motor_protect_var_init                   0x08002321   Thumb Code    78  motor_protect.o(i.motor_protect_var_init)
    motor_pwm_set                            0x0800241d   Thumb Code    66  drv_motor.o(i.motor_pwm_set)
    motor_raw_angle_get                      0x08002465   Thumb Code   110  drv_motor.o(i.motor_raw_angle_get)
    motor_start                              0x08002575   Thumb Code   104  drv_motor.o(i.motor_start)
    motor_stop                               0x080025e5   Thumb Code    88  drv_motor.o(i.motor_stop)
    nvic_irq_enable                          0x08002789   Thumb Code   186  gd32f30x_misc.o(i.nvic_irq_enable)
    nvic_priority_group_set                  0x0800284d   Thumb Code    10  gd32f30x_misc.o(i.nvic_priority_group_set)
    park                                     0x08002975   Thumb Code    54  foc_math.o(i.park)
    pid_regulation                           0x080029ad   Thumb Code   174  foc_math.o(i.pid_regulation)
    rcu_adc_clock_config                     0x08002c3d   Thumb Code    98  gd32f30x_rcu.o(i.rcu_adc_clock_config)
    rcu_all_reset_flag_clear                 0x08002ca9   Thumb Code    14  gd32f30x_rcu.o(i.rcu_all_reset_flag_clear)
    rcu_clock_freq_get                       0x08002cbd   Thumb Code   310  gd32f30x_rcu.o(i.rcu_clock_freq_get)
    rcu_flag_get                             0x08002e15   Thumb Code    30  gd32f30x_rcu.o(i.rcu_flag_get)
    rcu_periph_clock_enable                  0x08002e39   Thumb Code    28  gd32f30x_rcu.o(i.rcu_periph_clock_enable)
    rcu_periph_reset_disable                 0x08002e59   Thumb Code    28  gd32f30x_rcu.o(i.rcu_periph_reset_disable)
    rcu_periph_reset_enable                  0x08002e79   Thumb Code    28  gd32f30x_rcu.o(i.rcu_periph_reset_enable)
    rev_park                                 0x08002e99   Thumb Code    54  foc_math.o(i.rev_park)
    sin_cos_float                            0x08002ed1   Thumb Code   698  foc_math.o(i.sin_cos_float)
    spi_enable                               0x080031a9   Thumb Code    10  gd32f30x_spi.o(i.spi_enable)
    spi_i2s_data_receive                     0x080031b3   Thumb Code     8  gd32f30x_spi.o(i.spi_i2s_data_receive)
    spi_i2s_data_transmit                    0x080031bb   Thumb Code     4  gd32f30x_spi.o(i.spi_i2s_data_transmit)
    spi_i2s_flag_get                         0x080031bf   Thumb Code    16  gd32f30x_spi.o(i.spi_i2s_flag_get)
    spi_init                                 0x080031cf   Thumb Code    50  gd32f30x_spi.o(i.spi_init)
    sqrt_float                               0x08003201   Thumb Code   108  foc_math.o(i.sqrt_float)
    systick_config                           0x08003395   Thumb Code    76  systick.o(i.systick_config)
    timer_auto_reload_shadow_enable          0x080033e5   Thumb Code    10  gd32f30x_timer.o(i.timer_auto_reload_shadow_enable)
    timer_channel_complementary_output_state_config 0x080033ef   Thumb Code    70  gd32f30x_timer.o(i.timer_channel_complementary_output_state_config)
    timer_channel_output_config              0x08003435   Thumb Code   484  gd32f30x_timer.o(i.timer_channel_output_config)
    timer_channel_output_mode_config         0x08003621   Thumb Code    90  gd32f30x_timer.o(i.timer_channel_output_mode_config)
    timer_channel_output_pulse_value_config  0x0800367b   Thumb Code    38  gd32f30x_timer.o(i.timer_channel_output_pulse_value_config)
    timer_channel_output_shadow_config       0x080036a1   Thumb Code    90  gd32f30x_timer.o(i.timer_channel_output_shadow_config)
    timer_channel_output_state_config        0x080036fb   Thumb Code    92  gd32f30x_timer.o(i.timer_channel_output_state_config)
    timer_channel_output_struct_para_init    0x08003757   Thumb Code    16  gd32f30x_timer.o(i.timer_channel_output_struct_para_init)
    timer_deinit                             0x08003769   Thumb Code   210  gd32f30x_timer.o(i.timer_deinit)
    timer_disable                            0x08003845   Thumb Code    10  gd32f30x_timer.o(i.timer_disable)
    timer_enable                             0x0800384f   Thumb Code    10  gd32f30x_timer.o(i.timer_enable)
    timer_event_software_generate            0x08003859   Thumb Code     8  gd32f30x_timer.o(i.timer_event_software_generate)
    timer_init                               0x08003861   Thumb Code   122  gd32f30x_timer.o(i.timer_init)
    timer_master_output_trigger_source_select 0x080038f9   Thumb Code    16  gd32f30x_timer.o(i.timer_master_output_trigger_source_select)
    timer_master_slave_mode_config           0x08003909   Thumb Code    26  gd32f30x_timer.o(i.timer_master_slave_mode_config)
    timer_primary_output_config              0x08003923   Thumb Code    24  gd32f30x_timer.o(i.timer_primary_output_config)
    timer_struct_para_init                   0x0800393b   Thumb Code    22  gd32f30x_timer.o(i.timer_struct_para_init)
    timer_update_event_disable               0x08003951   Thumb Code    10  gd32f30x_timer.o(i.timer_update_event_disable)
    timer_update_event_enable                0x0800395b   Thumb Code    10  gd32f30x_timer.o(i.timer_update_event_enable)
    usart_baudrate_set                       0x08003965   Thumb Code   136  gd32f30x_usart.o(i.usart_baudrate_set)
    usart_data_transmit                      0x080039f5   Thumb Code     8  gd32f30x_usart.o(i.usart_data_transmit)
    usart_deinit                             0x080039fd   Thumb Code   136  gd32f30x_usart.o(i.usart_deinit)
    usart_enable                             0x08003a8d   Thumb Code    10  gd32f30x_usart.o(i.usart_enable)
    usart_flag_get                           0x08003a97   Thumb Code    30  gd32f30x_usart.o(i.usart_flag_get)
    usart_receive_config                     0x08003ab5   Thumb Code    20  gd32f30x_usart.o(i.usart_receive_config)
    usart_transmit_config                    0x08003ac9   Thumb Code    20  gd32f30x_usart.o(i.usart_transmit_config)
    Region$$Table$$Base                      0x08003ea8   Number         0  anon$$obj.o(Region$$Table)
    Region$$Table$$Limit                     0x08003ec8   Number         0  anon$$obj.o(Region$$Table)
    SystemCoreClock                          0x20000000   Data           4  system_gd32f30x.o(.data)
    id_target                                0x20000008   Data           4  loop.o(.data)
    iq_target                                0x2000000c   Data           4  loop.o(.data)
    speed_target                             0x20000010   Data           4  loop.o(.data)
    position_target                          0x20000014   Data           4  loop.o(.data)
    motor                                    0x2000002c   Data         316  motor_ctrl.o(.data)
    __stdout                                 0x20000214   Data           4  stdout.o(.data)
    motor_protect                            0x20000218   Data          48  motor_protect.o(.bss)
    __initial_sp                             0x20000648   Data           0  startup_gd32f30x_hd.o(STACK)



==============================================================================

Memory Map of the image

  Image Entry point : 0x08000131

  Load Region LR_IROM1 (Base: 0x08000000, Size: 0x000040e0, Max: 0x0001e000, ABSOLUTE, COMPRESSED[0x00003fa0])

    Execution Region ER_IROM1 (Exec base: 0x08000000, Load base: 0x08000000, Size: 0x00003ec8, Max: 0x0001e000, ABSOLUTE)

    Exec Addr    Load Addr    Size         Type   Attr      Idx    E Section Name        Object

    0x08000000   0x08000000   0x00000130   Data   RO         4625    RESET               startup_gd32f30x_hd.o
    0x08000130   0x08000130   0x00000000   Code   RO         4630  * .ARM.Collect$$$$00000000  mc_w.l(entry.o)
    0x08000130   0x08000130   0x00000004   Code   RO         4894    .ARM.Collect$$$$00000001  mc_w.l(entry2.o)
    0x08000134   0x08000134   0x00000004   Code   RO         4897    .ARM.Collect$$$$00000004  mc_w.l(entry5.o)
    0x08000138   0x08000138   0x00000000   Code   RO         4899    .ARM.Collect$$$$00000008  mc_w.l(entry7b.o)
    0x08000138   0x08000138   0x00000000   Code   RO         4901    .ARM.Collect$$$$0000000A  mc_w.l(entry8b.o)
    0x08000138   0x08000138   0x00000008   Code   RO         4902    .ARM.Collect$$$$0000000B  mc_w.l(entry9a.o)
    0x08000140   0x08000140   0x00000004   Code   RO         4909    .ARM.Collect$$$$0000000E  mc_w.l(entry12b.o)
    0x08000144   0x08000144   0x00000000   Code   RO         4904    .ARM.Collect$$$$0000000F  mc_w.l(entry10a.o)
    0x08000144   0x08000144   0x00000000   Code   RO         4906    .ARM.Collect$$$$00000011  mc_w.l(entry11a.o)
    0x08000144   0x08000144   0x00000004   Code   RO         4895    .ARM.Collect$$$$00002712  mc_w.l(entry2.o)
    0x08000148   0x08000148   0x00000024   Code   RO         4626    .text               startup_gd32f30x_hd.o
    0x0800016c   0x0800016c   0x0000002c   Code   RO         4911    .text               mc_w.l(uidiv.o)
    0x08000198   0x08000198   0x00000024   Code   RO         4926    .text               mc_w.l(init.o)
    0x080001bc   0x080001bc   0x00000056   Code   RO         4944    .text               mc_w.l(__dczerorl2.o)
    0x08000212   0x08000212   0x00000002   PAD
    0x08000214   0x08000214   0x00000014   Code   RO          257    i.ADC0_1_IRQHandler  gd32f30x_it.o
    0x08000228   0x08000228   0x00000028   Code   RO          214    i.NVIC_SetPriority  systick.o
    0x08000250   0x08000250   0x0000000c   Code   RO          258    i.SysTick_Handler   gd32f30x_it.o
    0x0800025c   0x0800025c   0x00000148   Code   RO          162    i.SystemInit        system_gd32f30x.o
    0x080003a4   0x080003a4   0x00000020   Code   RO         4678    i.__0printf$1       mc_w.l(printf1.o)
    0x080003c4   0x080003c4   0x0000000e   Code   RO         4938    i.__scatterload_copy  mc_w.l(handlers.o)
    0x080003d2   0x080003d2   0x00000002   Code   RO         4939    i.__scatterload_null  mc_w.l(handlers.o)
    0x080003d4   0x080003d4   0x0000000e   Code   RO         4940    i.__scatterload_zeroinit  mc_w.l(handlers.o)
    0x080003e2   0x080003e2   0x00000002   PAD
    0x080003e4   0x080003e4   0x00000154   Code   RO         4685    i._printf_core      mc_w.l(printf1.o)
    0x08000538   0x08000538   0x0000001c   Code   RO          163    i._soft_delay_      system_gd32f30x.o
    0x08000554   0x08000554   0x0000002a   Code   RO          734    i.adc_calibration_enable  gd32f30x_adc.o
    0x0800057e   0x0800057e   0x00000046   Code   RO          735    i.adc_channel_length_config  gd32f30x_adc.o
    0x080005c4   0x080005c4   0x00000016   Code   RO          736    i.adc_data_alignment_config  gd32f30x_adc.o
    0x080005da   0x080005da   0x00000002   PAD
    0x080005dc   0x080005dc   0x00000058   Code   RO          737    i.adc_deinit        gd32f30x_adc.o
    0x08000634   0x08000634   0x0000000a   Code   RO          741    i.adc_dma_mode_enable  gd32f30x_adc.o
    0x0800063e   0x0800063e   0x00000012   Code   RO          742    i.adc_enable        gd32f30x_adc.o
    0x08000650   0x08000650   0x0000003e   Code   RO          743    i.adc_external_trigger_config  gd32f30x_adc.o
    0x0800068e   0x0800068e   0x00000030   Code   RO          744    i.adc_external_trigger_source_config  gd32f30x_adc.o
    0x080006be   0x080006be   0x0000000e   Code   RO          746    i.adc_flag_get      gd32f30x_adc.o
    0x080006cc   0x080006cc   0x00000074   Code   RO          747    i.adc_inserted_channel_config  gd32f30x_adc.o
    0x08000740   0x08000740   0x0000002e   Code   RO          749    i.adc_inserted_data_read  gd32f30x_adc.o
    0x0800076e   0x0800076e   0x0000002c   Code   RO          750    i.adc_interrupt_disable  gd32f30x_adc.o
    0x0800079a   0x0800079a   0x0000002c   Code   RO          751    i.adc_interrupt_enable  gd32f30x_adc.o
    0x080007c6   0x080007c6   0x00000006   Code   RO          752    i.adc_interrupt_flag_clear  gd32f30x_adc.o
    0x080007cc   0x080007cc   0x0000001c   Code   RO          754    i.adc_mode_config   gd32f30x_adc.o
    0x080007e8   0x080007e8   0x000000ac   Code   RO          758    i.adc_regular_channel_config  gd32f30x_adc.o
    0x08000894   0x08000894   0x00000008   Code   RO          759    i.adc_regular_data_read  gd32f30x_adc.o
    0x0800089c   0x0800089c   0x0000001e   Code   RO          761    i.adc_software_trigger_enable  gd32f30x_adc.o
    0x080008ba   0x080008ba   0x0000005a   Code   RO          762    i.adc_special_function_config  gd32f30x_adc.o
    0x08000914   0x08000914   0x00000024   Code   RO          437    i.clarke_amplitude  foc_math.o
    0x08000938   0x08000938   0x00000358   Code   RO          323    i.csvpwm            drv_motor.o
    0x08000c90   0x08000c90   0x000001b8   Code   RO          324    i.current_calibrate  drv_motor.o
    0x08000e48   0x08000e48   0x00000020   Code   RO         1618    i.dbg_periph_enable  gd32f30x_dbg.o
    0x08000e68   0x08000e68   0x00000014   Code   RO          215    i.delay_1ms         systick.o
    0x08000e7c   0x08000e7c   0x00000018   Code   RO          216    i.delay_decrement   systick.o
    0x08000e94   0x08000e94   0x00000032   Code   RO         1676    i.dma_channel_enable  gd32f30x_dma.o
    0x08000ec6   0x08000ec6   0x00000032   Code   RO         1678    i.dma_circulation_enable  gd32f30x_dma.o
    0x08000ef8   0x08000ef8   0x00000070   Code   RO         1679    i.dma_deinit        gd32f30x_dma.o
    0x08000f68   0x08000f68   0x0000012e   Code   RO         1682    i.dma_init          gd32f30x_dma.o
    0x08001096   0x08001096   0x00000032   Code   RO         1690    i.dma_memory_to_memory_disable  gd32f30x_dma.o
    0x080010c8   0x080010c8   0x00000018   Code   RO         1694    i.dma_periph_and_channel_check  gd32f30x_dma.o
    0x080010e0   0x080010e0   0x00000038   Code   RO          325    i.encoder_spi_rw    drv_motor.o
    0x08001118   0x08001118   0x00000022   Code   RO         2116    i.fmc_bank0_ready_wait  gd32f30x_fmc.o
    0x0800113a   0x0800113a   0x00000002   PAD
    0x0800113c   0x0800113c   0x00000030   Code   RO         2117    i.fmc_bank0_state_get  gd32f30x_fmc.o
    0x0800116c   0x0800116c   0x00000022   Code   RO         2121    i.fmc_bank1_ready_wait  gd32f30x_fmc.o
    0x0800118e   0x0800118e   0x00000002   PAD
    0x08001190   0x08001190   0x00000030   Code   RO         2122    i.fmc_bank1_state_get  gd32f30x_fmc.o
    0x080011c0   0x080011c0   0x00000020   Code   RO         2124    i.fmc_flag_clear    gd32f30x_fmc.o
    0x080011e0   0x080011e0   0x000000b8   Code   RO         2126    i.fmc_halfword_program  gd32f30x_fmc.o
    0x08001298   0x08001298   0x0000002c   Code   RO         2131    i.fmc_lock          gd32f30x_fmc.o
    0x080012c4   0x080012c4   0x000000f0   Code   RO         2133    i.fmc_page_erase    gd32f30x_fmc.o
    0x080013b4   0x080013b4   0x00000044   Code   RO         2134    i.fmc_unlock        gd32f30x_fmc.o
    0x080013f8   0x080013f8   0x00000024   Code   RO            4    i.fputc             main.o
    0x0800141c   0x0800141c   0x0000002c   Code   RO            5    i.gd_gpio_config    main.o
    0x08001448   0x08001448   0x00000038   Code   RO            6    i.gd_uart2_config   main.o
    0x08001480   0x08001480   0x00000004   Code   RO         2401    i.gpio_bit_reset    gd32f30x_gpio.o
    0x08001484   0x08001484   0x00000004   Code   RO         2402    i.gpio_bit_set      gd32f30x_gpio.o
    0x08001488   0x08001488   0x000000bc   Code   RO         2411    i.gpio_init         gd32f30x_gpio.o
    0x08001544   0x08001544   0x00000010   Code   RO         2412    i.gpio_input_bit_get  gd32f30x_gpio.o
    0x08001554   0x08001554   0x00000090   Code   RO         2417    i.gpio_pin_remap_config  gd32f30x_gpio.o
    0x080015e4   0x080015e4   0x000000f8   Code   RO          296    i.loop              loop.o
    0x080016dc   0x080016dc   0x0000004c   Code   RO            7    i.main              main.o
    0x08001728   0x08001728   0x000000f4   Code   RO          326    i.motor_adc_config  drv_motor.o
    0x0800181c   0x0800181c   0x0000033c   Code   RO          327    i.motor_angle_speed_get  drv_motor.o
    0x08001b58   0x08001b58   0x00000518   Code   RO          601    i.motor_ctrl        motor_ctrl.o
    0x08002070   0x08002070   0x000000a0   Code   RO          329    i.motor_current_get  drv_motor.o
    0x08002110   0x08002110   0x000000d0   Code   RO          330    i.motor_gpio_config  drv_motor.o
    0x080021e0   0x080021e0   0x0000001c   Code   RO          331    i.motor_init        drv_motor.o
    0x080021fc   0x080021fc   0x00000014   Code   RO          332    i.motor_joint_zero_set  drv_motor.o
    0x08002210   0x08002210   0x0000004c   Code   RO          657    i.motor_protect_adc_config  motor_protect.o
    0x0800225c   0x0800225c   0x00000014   Code   RO          658    i.motor_protect_check  motor_protect.o
    0x08002270   0x08002270   0x0000006c   Code   RO          659    i.motor_protect_dma_config  motor_protect.o
    0x080022dc   0x080022dc   0x00000014   Code   RO          660    i.motor_protect_gpio_config  motor_protect.o
    0x080022f0   0x080022f0   0x00000014   Code   RO          663    i.motor_protect_peripheral_init  motor_protect.o
    0x08002304   0x08002304   0x0000001c   Code   RO          665    i.motor_protect_rcu_config  motor_protect.o
    0x08002320   0x08002320   0x00000058   Code   RO          666    i.motor_protect_var_init  motor_protect.o
    0x08002378   0x08002378   0x000000a4   Code   RO          667    i.motor_protect_voltage_check  motor_protect.o
    0x0800241c   0x0800241c   0x00000048   Code   RO          334    i.motor_pwm_set     drv_motor.o
    0x08002464   0x08002464   0x00000078   Code   RO          335    i.motor_raw_angle_get  drv_motor.o
    0x080024dc   0x080024dc   0x00000042   Code   RO          336    i.motor_rcu_config  drv_motor.o
    0x0800251e   0x0800251e   0x00000002   PAD
    0x08002520   0x08002520   0x00000054   Code   RO          337    i.motor_spi2_config  drv_motor.o
    0x08002574   0x08002574   0x00000070   Code   RO          338    i.motor_start       drv_motor.o
    0x080025e4   0x080025e4   0x00000060   Code   RO          339    i.motor_stop        drv_motor.o
    0x08002644   0x08002644   0x00000144   Code   RO          340    i.motor_timer0_config  drv_motor.o
    0x08002788   0x08002788   0x000000c4   Code   RO         2729    i.nvic_irq_enable   gd32f30x_misc.o
    0x0800284c   0x0800284c   0x00000014   Code   RO         2730    i.nvic_priority_group_set  gd32f30x_misc.o
    0x08002860   0x08002860   0x00000024   Code   RO          602    i.offset_angle_fmc_data_program  motor_ctrl.o
    0x08002884   0x08002884   0x00000028   Code   RO          603    i.offset_angle_fmc_erase_pages  motor_ctrl.o
    0x080028ac   0x080028ac   0x000000c8   Code   RO          604    i.over_modulation   motor_ctrl.o
    0x08002974   0x08002974   0x00000036   Code   RO          447    i.park              foc_math.o
    0x080029aa   0x080029aa   0x00000002   PAD
    0x080029ac   0x080029ac   0x000000b4   Code   RO          449    i.pid_regulation    foc_math.o
    0x08002a60   0x08002a60   0x00000050   Code   RO          605    i.position_error_normalize  motor_ctrl.o
    0x08002ab0   0x08002ab0   0x00000060   Code   RO          606    i.position_ref_plan_step  motor_ctrl.o
    0x08002b10   0x08002b10   0x0000012c   Code   RO            8    i.print_reset_reason  main.o
    0x08002c3c   0x08002c3c   0x0000006c   Code   RO         2925    i.rcu_adc_clock_config  gd32f30x_rcu.o
    0x08002ca8   0x08002ca8   0x00000014   Code   RO         2927    i.rcu_all_reset_flag_clear  gd32f30x_rcu.o
    0x08002cbc   0x08002cbc   0x00000158   Code   RO         2934    i.rcu_clock_freq_get  gd32f30x_rcu.o
    0x08002e14   0x08002e14   0x00000024   Code   RO         2937    i.rcu_flag_get      gd32f30x_rcu.o
    0x08002e38   0x08002e38   0x00000020   Code   RO         2952    i.rcu_periph_clock_enable  gd32f30x_rcu.o
    0x08002e58   0x08002e58   0x00000020   Code   RO         2955    i.rcu_periph_reset_disable  gd32f30x_rcu.o
    0x08002e78   0x08002e78   0x00000020   Code   RO         2956    i.rcu_periph_reset_enable  gd32f30x_rcu.o
    0x08002e98   0x08002e98   0x00000036   Code   RO          452    i.rev_park          foc_math.o
    0x08002ece   0x08002ece   0x00000002   PAD
    0x08002ed0   0x08002ed0   0x000002d8   Code   RO          454    i.sin_cos_float     foc_math.o
    0x080031a8   0x080031a8   0x0000000a   Code   RO         3570    i.spi_enable        gd32f30x_spi.o
    0x080031b2   0x080031b2   0x00000008   Code   RO         3572    i.spi_i2s_data_receive  gd32f30x_spi.o
    0x080031ba   0x080031ba   0x00000004   Code   RO         3573    i.spi_i2s_data_transmit  gd32f30x_spi.o
    0x080031be   0x080031be   0x00000010   Code   RO         3575    i.spi_i2s_flag_get  gd32f30x_spi.o
    0x080031ce   0x080031ce   0x00000032   Code   RO         3580    i.spi_init          gd32f30x_spi.o
    0x08003200   0x08003200   0x00000070   Code   RO          456    i.sqrt_float        foc_math.o
    0x08003270   0x08003270   0x0000011c   Code   RO          165    i.system_clock_120m_hxtal  system_gd32f30x.o
    0x0800338c   0x0800338c   0x00000008   Code   RO          166    i.system_clock_config  system_gd32f30x.o
    0x08003394   0x08003394   0x00000050   Code   RO          217    i.systick_config    systick.o
    0x080033e4   0x080033e4   0x0000000a   Code   RO         3816    i.timer_auto_reload_shadow_enable  gd32f30x_timer.o
    0x080033ee   0x080033ee   0x00000046   Code   RO         3826    i.timer_channel_complementary_output_state_config  gd32f30x_timer.o
    0x08003434   0x08003434   0x000001ec   Code   RO         3833    i.timer_channel_output_config  gd32f30x_timer.o
    0x08003620   0x08003620   0x0000005a   Code   RO         3835    i.timer_channel_output_mode_config  gd32f30x_timer.o
    0x0800367a   0x0800367a   0x00000026   Code   RO         3837    i.timer_channel_output_pulse_value_config  gd32f30x_timer.o
    0x080036a0   0x080036a0   0x0000005a   Code   RO         3838    i.timer_channel_output_shadow_config  gd32f30x_timer.o
    0x080036fa   0x080036fa   0x0000005c   Code   RO         3839    i.timer_channel_output_state_config  gd32f30x_timer.o
    0x08003756   0x08003756   0x00000010   Code   RO         3840    i.timer_channel_output_struct_para_init  gd32f30x_timer.o
    0x08003766   0x08003766   0x00000002   PAD
    0x08003768   0x08003768   0x000000dc   Code   RO         3846    i.timer_deinit      gd32f30x_timer.o
    0x08003844   0x08003844   0x0000000a   Code   RO         3847    i.timer_disable     gd32f30x_timer.o
    0x0800384e   0x0800384e   0x0000000a   Code   RO         3851    i.timer_enable      gd32f30x_timer.o
    0x08003858   0x08003858   0x00000008   Code   RO         3852    i.timer_event_software_generate  gd32f30x_timer.o
    0x08003860   0x08003860   0x00000098   Code   RO         3861    i.timer_init        gd32f30x_timer.o
    0x080038f8   0x080038f8   0x00000010   Code   RO         3871    i.timer_master_output_trigger_source_select  gd32f30x_timer.o
    0x08003908   0x08003908   0x0000001a   Code   RO         3872    i.timer_master_slave_mode_config  gd32f30x_timer.o
    0x08003922   0x08003922   0x00000018   Code   RO         3876    i.timer_primary_output_config  gd32f30x_timer.o
    0x0800393a   0x0800393a   0x00000016   Code   RO         3881    i.timer_struct_para_init  gd32f30x_timer.o
    0x08003950   0x08003950   0x0000000a   Code   RO         3882    i.timer_update_event_disable  gd32f30x_timer.o
    0x0800395a   0x0800395a   0x0000000a   Code   RO         3883    i.timer_update_event_enable  gd32f30x_timer.o
    0x08003964   0x08003964   0x00000090   Code   RO         4256    i.usart_baudrate_set  gd32f30x_usart.o
    0x080039f4   0x080039f4   0x00000008   Code   RO         4260    i.usart_data_transmit  gd32f30x_usart.o
    0x080039fc   0x080039fc   0x00000090   Code   RO         4261    i.usart_deinit      gd32f30x_usart.o
    0x08003a8c   0x08003a8c   0x0000000a   Code   RO         4265    i.usart_enable      gd32f30x_usart.o
    0x08003a96   0x08003a96   0x0000001e   Code   RO         4267    i.usart_flag_get    gd32f30x_usart.o
    0x08003ab4   0x08003ab4   0x00000014   Code   RO         4289    i.usart_receive_config  gd32f30x_usart.o
    0x08003ac8   0x08003ac8   0x00000014   Code   RO         4303    i.usart_transmit_config  gd32f30x_usart.o
    0x08003adc   0x08003adc   0x00000028   Data   RO          297    .constdata          loop.o
    0x08003b04   0x08003b04   0x000003a4   Data   RO          461    .constdata          foc_math.o
    0x08003ea8   0x08003ea8   0x00000020   Data   RO         4936    Region$$Table       anon$$obj.o


    Execution Region RW_IRAM1 (Exec base: 0x20000000, Load base: 0x08003ec8, Size: 0x00000648, Max: 0x00008000, ABSOLUTE, COMPRESSED[0x000000d8])

    Exec Addr    Load Addr    Size         Type   Attr      Idx    E Section Name        Object

    0x20000000   COMPRESSED   0x00000004   Data   RW          167    .data               system_gd32f30x.o
    0x20000004   COMPRESSED   0x00000004   Data   RW          218    .data               systick.o
    0x20000008   COMPRESSED   0x00000012   Data   RW          298    .data               loop.o
    0x2000001a   COMPRESSED   0x00000002   PAD
    0x2000001c   COMPRESSED   0x00000010   Data   RW          341    .data               drv_motor.o
    0x2000002c   COMPRESSED   0x00000144   Data   RW          608    .data               motor_ctrl.o
    0x20000170   COMPRESSED   0x000000a4   Data   RW          669    .data               motor_protect.o
    0x20000214   COMPRESSED   0x00000004   Data   RW         4910    .data               mc_w.l(stdout.o)
    0x20000218        -       0x00000030   Zero   RW          668    .bss                motor_protect.o
    0x20000248        -       0x00000400   Zero   RW         4623    STACK               startup_gd32f30x_hd.o


==============================================================================

Image component sizes


      Code (inc. data)   RO Data    RW Data    ZI Data      Debug   Object Name

      3714        188          0         16          0      10901   drv_motor.o
      1164         50        932          0          0       4803   foc_math.o
       958         10          0          0          0      13303   gd32f30x_adc.o
        32          4          0          0          0        592   gd32f30x_dbg.o
       588          6          0          0          0       4785   gd32f30x_dma.o
       732         74          0          0          0       5999   gd32f30x_fmc.o
       356          6          0          0          0       3789   gd32f30x_gpio.o
        32          4          0          0          0       6002   gd32f30x_it.o
       216         20          0          0          0       1520   gd32f30x_misc.o
       604         80          0          0          0       5061   gd32f30x_rcu.o
        88          0          0          0          0       3958   gd32f30x_spi.o
      1406         48          0          0          0      13564   gd32f30x_timer.o
       376         16          0          0          0       4737   gd32f30x_usart.o
       248         90         40         18          0       1526   loop.o
       512        228          0          0          0      68851   main.o
      1756         94          0        324          0       7073   motor_ctrl.o
       524         60          0        164         48       4855   motor_protect.o
        36          8        304          0       1024        808   startup_gd32f30x_hd.o
       648         30          0          4          0       3663   system_gd32f30x.o
       164         22          0          4          0      28974   systick.o

    ----------------------------------------------------------------------
     14168       1038       1308        532       1072     194764   Object Totals
         0          0         32          0          0          0   (incl. Generated)
        14          0          0          2          0          0   (incl. Padding)

    ----------------------------------------------------------------------

      Code (inc. data)   RO Data    RW Data    ZI Data      Debug   Library Member Name

        86          0          0          0          0          0   __dczerorl2.o
         0          0          0          0          0          0   entry.o
         0          0          0          0          0          0   entry10a.o
         0          0          0          0          0          0   entry11a.o
         4          0          0          0          0          0   entry12b.o
         8          4          0          0          0          0   entry2.o
         4          0          0          0          0          0   entry5.o
         0          0          0          0          0          0   entry7b.o
         0          0          0          0          0          0   entry8b.o
         8          4          0          0          0          0   entry9a.o
        30          0          0          0          0          0   handlers.o
        36          8          0          0          0         68   init.o
       372         14          0          0          0        184   printf1.o
         0          0          0          4          0          0   stdout.o
        44          0          0          0          0         80   uidiv.o

    ----------------------------------------------------------------------
       596         30          0          4          0        332   Library Totals
         4          0          0          0          0          0   (incl. Padding)

    ----------------------------------------------------------------------

      Code (inc. data)   RO Data    RW Data    ZI Data      Debug   Library Name

       592         30          0          4          0        332   mc_w.l

    ----------------------------------------------------------------------
       596         30          0          4          0        332   Library Totals

    ----------------------------------------------------------------------

==============================================================================


      Code (inc. data)   RO Data    RW Data    ZI Data      Debug   

     14764       1068       1308        536       1072     183028   Grand Totals
     14764       1068       1308        216       1072     183028   ELF Image Totals (compressed)
     14764       1068       1308        216          0          0   ROM Totals

==============================================================================

    Total RO  Size (Code + RO Data)                16072 (  15.70kB)
    Total RW  Size (RW Data + ZI Data)              1608 (   1.57kB)
    Total ROM Size (Code + RO Data + RW Data)      16288 (  15.91kB)

==============================================================================

